0 verbose cli C:\Program Files\nodejs\node.exe C:\Program Files\nodejs\node_modules\npm\bin\npm-cli.js
1 info using npm@11.11.0
2 info using node@v24.14.1
3 silly config load:file:C:\Program Files\nodejs\node_modules\npm\npmrc
4 silly config load:file:D:\Daily Project 6\.npmrc
5 silly config load:file:C:\Users\adamf\.npmrc
6 silly config load:file:C:\Users\adamf\AppData\Roaming\npm\etc\npmrc
7 verbose title npm install
8 verbose argv "install"
9 verbose logfile logs-max:10 dir:d:\Daily Project 6\.npm-cache\_logs\2026-04-21T09_24_44_426Z-
10 verbose logfile d:\Daily Project 6\.npm-cache\_logs\2026-04-21T09_24_44_426Z-debug-0.log
11 silly logfile done cleaning log files
12 silly packumentCache heap:4496293888 maxSize:1124073472 maxEntrySize:562036736
13 silly idealTree buildDeps
14 silly fetch manifest concurrently@^9.2.1
15 silly packumentCache full:https://registry.npmjs.org/concurrently cache-miss
16 http fetch GET 200 https://registry.npmjs.org/concurrently 487ms (cache miss)
17 silly packumentCache full:https://registry.npmjs.org/concurrently set size:undefined disposed:false
18 silly placeDep ROOT concurrently@9.2.1 OK for: streamsync@1.0.0 want: ^9.2.1
19 silly fetch manifest rxjs@7.8.2
20 silly packumentCache full:https://registry.npmjs.org/rxjs cache-miss
21 silly fetch manifest chalk@4.1.2
22 silly packumentCache full:https://registry.npmjs.org/chalk cache-miss
23 silly fetch manifest yargs@17.7.2
24 silly packumentCache full:https://registry.npmjs.org/yargs cache-miss
25 silly fetch manifest tree-kill@1.2.2
26 silly packumentCache full:https://registry.npmjs.org/tree-kill cache-miss
27 silly fetch manifest shell-quote@1.8.3
28 silly packumentCache full:https://registry.npmjs.org/shell-quote cache-miss
29 silly fetch manifest supports-color@8.1.1
30 silly packumentCache full:https://registry.npmjs.org/supports-color cache-miss
31 http cache https://registry.npmjs.org/supports-color 20ms (cache hit)
32 silly packumentCache full:https://registry.npmjs.org/supports-color set size:118680 disposed:false
33 http fetch GET 200 https://registry.npmjs.org/rxjs 407ms (cache miss)
34 silly packumentCache full:https://registry.npmjs.org/rxjs set size:undefined disposed:false
35 http fetch GET 200 https://registry.npmjs.org/shell-quote 751ms (cache miss)
36 silly packumentCache full:https://registry.npmjs.org/shell-quote set size:undefined disposed:false
37 http fetch GET 200 https://registry.npmjs.org/chalk 890ms (cache miss)
38 silly packumentCache full:https://registry.npmjs.org/chalk set size:undefined disposed:false
39 http fetch GET 200 https://registry.npmjs.org/tree-kill 1058ms (cache miss)
40 silly packumentCache full:https://registry.npmjs.org/tree-kill set size:undefined disposed:false
41 http fetch GET 200 https://registry.npmjs.org/yargs 1366ms (cache miss)
42 silly packumentCache full:https://registry.npmjs.org/yargs set size:undefined disposed:false
43 silly placeDep ROOT chalk@4.1.2 OK for: concurrently@9.2.1 want: 4.1.2
44 silly placeDep ROOT rxjs@7.8.2 OK for: concurrently@9.2.1 want: 7.8.2
45 silly placeDep ROOT shell-quote@1.8.3 OK for: concurrently@9.2.1 want: 1.8.3
46 silly placeDep ROOT supports-color@8.1.1 OK for: concurrently@9.2.1 want: 8.1.1
47 silly placeDep ROOT tree-kill@1.2.2 OK for: concurrently@9.2.1 want: 1.2.2
48 silly placeDep ROOT yargs@17.7.2 OK for: concurrently@9.2.1 want: 17.7.2
49 silly fetch manifest ansi-styles@^4.1.0
50 silly packumentCache full:https://registry.npmjs.org/ansi-styles cache-miss
51 silly fetch manifest supports-color@^7.1.0
52 silly packumentCache full:https://registry.npmjs.org/supports-color cache-hit
53 silly fetch manifest tslib@^2.1.0
54 silly packumentCache full:https://registry.npmjs.org/tslib cache-miss
55 silly fetch manifest has-flag@^4.0.0
56 silly packumentCache full:https://registry.npmjs.org/has-flag cache-miss
57 silly fetch manifest y18n@^5.0.5
58 silly packumentCache full:https://registry.npmjs.org/y18n cache-miss
59 silly fetch manifest cliui@^8.0.1
60 silly packumentCache full:https://registry.npmjs.org/cliui cache-miss
61 silly fetch manifest escalade@^3.1.1
62 silly packumentCache full:https://registry.npmjs.org/escalade cache-miss
63 silly fetch manifest string-width@^4.2.3
64 silly packumentCache full:https://registry.npmjs.org/string-width cache-miss
65 silly fetch manifest yargs-parser@^21.1.1
66 silly packumentCache full:https://registry.npmjs.org/yargs-parser cache-miss
67 silly fetch manifest get-caller-file@^2.0.5
68 silly packumentCache full:https://registry.npmjs.org/get-caller-file cache-miss
69 silly fetch manifest require-directory@^2.1.1
70 silly packumentCache full:https://registry.npmjs.org/require-directory cache-miss
71 http cache https://registry.npmjs.org/has-flag 24ms (cache hit)
72 silly packumentCache full:https://registry.npmjs.org/has-flag set size:15180 disposed:false
73 http cache https://registry.npmjs.org/escalade 25ms (cache hit)
74 silly packumentCache full:https://registry.npmjs.org/escalade set size:33724 disposed:false
75 http fetch GET 200 https://registry.npmjs.org/ansi-styles 155ms (cache miss)
76 silly packumentCache full:https://registry.npmjs.org/ansi-styles set size:undefined disposed:false
77 http fetch GET 200 https://registry.npmjs.org/tslib 159ms (cache miss)
78 silly packumentCache full:https://registry.npmjs.org/tslib set size:undefined disposed:false
79 http fetch GET 200 https://registry.npmjs.org/cliui 160ms (cache miss)
80 silly packumentCache full:https://registry.npmjs.org/cliui set size:undefined disposed:false
81 http fetch GET 200 https://registry.npmjs.org/string-width 160ms (cache miss)
82 silly packumentCache full:https://registry.npmjs.org/string-width set size:undefined disposed:false
83 http fetch GET 200 https://registry.npmjs.org/y18n 224ms (cache miss)
84 silly packumentCache full:https://registry.npmjs.org/y18n set size:undefined disposed:false
85 http fetch GET 200 https://registry.npmjs.org/require-directory 557ms (cache miss)
86 silly packumentCache full:https://registry.npmjs.org/require-directory set size:undefined disposed:false
87 http fetch GET 200 https://registry.npmjs.org/get-caller-file 577ms (cache miss)
88 silly packumentCache full:https://registry.npmjs.org/get-caller-file set size:undefined disposed:false
89 http fetch GET 200 https://registry.npmjs.org/yargs-parser 604ms (cache miss)
90 silly packumentCache full:https://registry.npmjs.org/yargs-parser set size:undefined disposed:false
91 silly placeDep ROOT ansi-styles@4.3.0 OK for: chalk@4.1.2 want: ^4.1.0
92 silly placeDep node_modules/chalk supports-color@7.2.0 OK for: chalk@4.1.2 want: ^7.1.0
93 silly fetch manifest color-convert@^2.0.1
94 silly packumentCache full:https://registry.npmjs.org/color-convert cache-miss
95 http fetch GET 200 https://registry.npmjs.org/color-convert 93ms (cache miss)
96 silly packumentCache full:https://registry.npmjs.org/color-convert set size:undefined disposed:false
97 silly placeDep ROOT color-convert@2.0.1 OK for: ansi-styles@4.3.0 want: ^2.0.1
98 silly fetch manifest color-name@~1.1.4
99 silly packumentCache full:https://registry.npmjs.org/color-name cache-miss
100 http fetch GET 200 https://registry.npmjs.org/color-name 182ms (cache miss)
101 silly packumentCache full:https://registry.npmjs.org/color-name set size:undefined disposed:false
102 silly placeDep ROOT color-name@1.1.4 OK for: color-convert@2.0.1 want: ~1.1.4
103 silly placeDep ROOT tslib@2.8.1 OK for: rxjs@7.8.2 want: ^2.1.0
104 silly placeDep ROOT has-flag@4.0.0 OK for: supports-color@8.1.1 want: ^4.0.0
105 silly placeDep ROOT cliui@8.0.1 OK for: yargs@17.7.2 want: ^8.0.1
106 silly placeDep ROOT escalade@3.2.0 OK for: yargs@17.7.2 want: ^3.1.1
107 silly placeDep ROOT get-caller-file@2.0.5 OK for: yargs@17.7.2 want: ^2.0.5
108 silly placeDep ROOT require-directory@2.1.1 OK for: yargs@17.7.2 want: ^2.1.1
109 silly placeDep ROOT string-width@4.2.3 OK for: yargs@17.7.2 want: ^4.2.3
110 silly placeDep ROOT y18n@5.0.8 OK for: yargs@17.7.2 want: ^5.0.5
111 silly placeDep ROOT yargs-parser@21.1.1 OK for: yargs@17.7.2 want: ^21.1.1
112 silly fetch manifest wrap-ansi@^7.0.0
113 silly packumentCache full:https://registry.npmjs.org/wrap-ansi cache-miss
114 silly fetch manifest strip-ansi@^6.0.1
115 silly packumentCache full:https://registry.npmjs.org/strip-ansi cache-miss
116 silly fetch manifest string-width@^4.2.0
117 silly packumentCache full:https://registry.npmjs.org/string-width cache-miss
118 silly fetch manifest strip-ansi@^6.0.1
119 silly packumentCache full:https://registry.npmjs.org/strip-ansi cache-miss
120 silly fetch manifest emoji-regex@^8.0.0
121 silly packumentCache full:https://registry.npmjs.org/emoji-regex cache-miss
122 silly fetch manifest is-fullwidth-code-point@^3.0.0
123 silly packumentCache full:https://registry.npmjs.org/is-fullwidth-code-point cache-miss
124 http cache https://registry.npmjs.org/string-width 13ms (cache hit)
125 silly packumentCache full:https://registry.npmjs.org/string-width set size:68305 disposed:false
126 http fetch GET 200 https://registry.npmjs.org/is-fullwidth-code-point 190ms (cache miss)
127 silly packumentCache full:https://registry.npmjs.org/is-fullwidth-code-point set size:undefined disposed:false
128 http fetch GET 200 https://registry.npmjs.org/wrap-ansi 193ms (cache miss)
129 silly packumentCache full:https://registry.npmjs.org/wrap-ansi set size:undefined disposed:false
130 http fetch GET 200 https://registry.npmjs.org/strip-ansi 195ms (cache miss)
131 silly packumentCache full:https://registry.npmjs.org/strip-ansi set size:undefined disposed:false
132 http fetch GET 200 https://registry.npmjs.org/strip-ansi 197ms (cache miss)
133 silly packumentCache full:https://registry.npmjs.org/strip-ansi set size:undefined disposed:false
134 http fetch GET 200 https://registry.npmjs.org/emoji-regex 197ms (cache miss)
135 silly packumentCache full:https://registry.npmjs.org/emoji-regex set size:undefined disposed:false
136 silly placeDep ROOT strip-ansi@6.0.1 OK for: cliui@8.0.1 want: ^6.0.1
137 silly placeDep ROOT wrap-ansi@7.0.0 OK for: cliui@8.0.1 want: ^7.0.0
138 silly fetch manifest ansi-regex@^5.0.1
139 silly packumentCache full:https://registry.npmjs.org/ansi-regex cache-miss
140 http fetch GET 200 https://registry.npmjs.org/ansi-regex 98ms (cache miss)
141 silly packumentCache full:https://registry.npmjs.org/ansi-regex set size:undefined disposed:false
142 silly placeDep ROOT emoji-regex@8.0.0 OK for: string-width@4.2.3 want: ^8.0.0
143 silly placeDep ROOT is-fullwidth-code-point@3.0.0 OK for: string-width@4.2.3 want: ^3.0.0
144 silly placeDep ROOT ansi-regex@5.0.1 OK for: strip-ansi@6.0.1 want: ^5.0.1
145 silly reify moves {}
146 silly audit bulk request {
146 silly audit   concurrently: [ '9.2.1' ],
146 silly audit   chalk: [ '4.1.2' ],
146 silly audit   rxjs: [ '7.8.2' ],
146 silly audit   'shell-quote': [ '1.8.3' ],
146 silly audit   'supports-color': [ '8.1.1', '7.2.0' ],
146 silly audit   'tree-kill': [ '1.2.2' ],
146 silly audit   yargs: [ '17.7.2' ],
146 silly audit   'ansi-styles': [ '4.3.0' ],
146 silly audit   'color-convert': [ '2.0.1' ],
146 silly audit   'color-name': [ '1.1.4' ],
146 silly audit   tslib: [ '2.8.1' ],
146 silly audit   'has-flag': [ '4.0.0' ],
146 silly audit   cliui: [ '8.0.1' ],
146 silly audit   escalade: [ '3.2.0' ],
146 silly audit   'get-caller-file': [ '2.0.5' ],
146 silly audit   'require-directory': [ '2.1.1' ],
146 silly audit   'string-width': [ '4.2.3' ],
146 silly audit   y18n: [ '5.0.8' ],
146 silly audit   'yargs-parser': [ '21.1.1' ],
146 silly audit   'strip-ansi': [ '6.0.1' ],
146 silly audit   'wrap-ansi': [ '7.0.0' ],
146 silly audit   'emoji-regex': [ '8.0.0' ],
146 silly audit   'is-fullwidth-code-point': [ '3.0.0' ],
146 silly audit   'ansi-regex': [ '5.0.1' ]
146 silly audit }
147 http cache ansi-regex@https://registry.npmjs.org/ansi-regex/-/ansi-regex-5.0.1.tgz 0ms (cache hit)
148 http cache is-fullwidth-code-point@https://registry.npmjs.org/is-fullwidth-code-point/-/is-fullwidth-code-point-3.0.0.tgz 0ms (cache hit)
149 http cache strip-ansi@https://registry.npmjs.org/strip-ansi/-/strip-ansi-6.0.1.tgz 0ms (cache hit)
150 http cache wrap-ansi@https://registry.npmjs.org/wrap-ansi/-/wrap-ansi-7.0.0.tgz 0ms (cache hit)
151 http cache yargs-parser@https://registry.npmjs.org/yargs-parser/-/yargs-parser-21.1.1.tgz 0ms (cache hit)
152 http cache y18n@https://registry.npmjs.org/y18n/-/y18n-5.0.8.tgz 0ms (cache hit)
153 http cache string-width@https://registry.npmjs.org/string-width/-/string-width-4.2.3.tgz 0ms (cache hit)
154 http cache require-directory@https://registry.npmjs.org/require-directory/-/require-directory-2.1.1.tgz 0ms (cache hit)
155 http cache get-caller-file@https://registry.npmjs.org/get-caller-file/-/get-caller-file-2.0.5.tgz 0ms (cache hit)
156 http cache cliui@https://registry.npmjs.org/cliui/-/cliui-8.0.1.tgz 0ms (cache hit)
157 http cache escalade@https://registry.npmjs.org/escalade/-/escalade-3.2.0.tgz 0ms (cache hit)
158 http cache emoji-regex@https://registry.npmjs.org/emoji-regex/-/emoji-regex-8.0.0.tgz 0ms (cache hit)
159 http cache has-flag@https://registry.npmjs.org/has-flag/-/has-flag-4.0.0.tgz 0ms (cache hit)
160 http cache tslib@https://registry.npmjs.org/tslib/-/tslib-2.8.1.tgz 0ms (cache hit)
161 http cache color-name@https://registry.npmjs.org/color-name/-/color-name-1.1.4.tgz 0ms (cache hit)
162 http cache ansi-styles@https://registry.npmjs.org/ansi-styles/-/ansi-styles-4.3.0.tgz 0ms (cache hit)
163 http cache color-convert@https://registry.npmjs.org/color-convert/-/color-convert-2.0.1.tgz 0ms (cache hit)
164 http cache tree-kill@https://registry.npmjs.org/tree-kill/-/tree-kill-1.2.2.tgz 0ms (cache hit)
165 http cache supports-color@https://registry.npmjs.org/supports-color/-/supports-color-8.1.1.tgz 0ms (cache hit)
166 http cache yargs@https://registry.npmjs.org/yargs/-/yargs-17.7.2.tgz 0ms (cache hit)
167 http cache shell-quote@https://registry.npmjs.org/shell-quote/-/shell-quote-1.8.3.tgz 0ms (cache hit)
168 http cache rxjs@https://registry.npmjs.org/rxjs/-/rxjs-7.8.2.tgz 0ms (cache hit)
169 silly tarball no local data for ansi-regex@https://registry.npmjs.org/ansi-regex/-/ansi-regex-5.0.1.tgz. Extracting by manifest.
170 silly tarball no local data for is-fullwidth-code-point@https://registry.npmjs.org/is-fullwidth-code-point/-/is-fullwidth-code-point-3.0.0.tgz. Extracting by manifest.
171 silly tarball no local data for strip-ansi@https://registry.npmjs.org/strip-ansi/-/strip-ansi-6.0.1.tgz. Extracting by manifest.
172 silly tarball no local data for wrap-ansi@https://registry.npmjs.org/wrap-ansi/-/wrap-ansi-7.0.0.tgz. Extracting by manifest.
173 http cache supports-color@https://registry.npmjs.org/supports-color/-/supports-color-7.2.0.tgz 0ms (cache hit)
174 silly tarball no local data for yargs-parser@https://registry.npmjs.org/yargs-parser/-/yargs-parser-21.1.1.tgz. Extracting by manifest.
175 silly tarball no local data for y18n@https://registry.npmjs.org/y18n/-/y18n-5.0.8.tgz. Extracting by manifest.
176 silly tarball no local data for string-width@https://registry.npmjs.org/string-width/-/string-width-4.2.3.tgz. Extracting by manifest.
177 silly tarball no local data for require-directory@https://registry.npmjs.org/require-directory/-/require-directory-2.1.1.tgz. Extracting by manifest.
178 silly tarball no local data for get-caller-file@https://registry.npmjs.org/get-caller-file/-/get-caller-file-2.0.5.tgz. Extracting by manifest.
179 silly tarball no local data for cliui@https://registry.npmjs.org/cliui/-/cliui-8.0.1.tgz. Extracting by manifest.
180 silly tarball no local data for emoji-regex@https://registry.npmjs.org/emoji-regex/-/emoji-regex-8.0.0.tgz. Extracting by manifest.
181 silly tarball no local data for has-flag@https://registry.npmjs.org/has-flag/-/has-flag-4.0.0.tgz. Extracting by manifest.
182 silly tarball no local data for tslib@https://registry.npmjs.org/tslib/-/tslib-2.8.1.tgz. Extracting by manifest.
183 silly tarball no local data for color-name@https://registry.npmjs.org/color-name/-/color-name-1.1.4.tgz. Extracting by manifest.
184 silly tarball no local data for ansi-styles@https://registry.npmjs.org/ansi-styles/-/ansi-styles-4.3.0.tgz. Extracting by manifest.
185 silly tarball no local data for color-convert@https://registry.npmjs.org/color-convert/-/color-convert-2.0.1.tgz. Extracting by manifest.
186 silly tarball no local data for tree-kill@https://registry.npmjs.org/tree-kill/-/tree-kill-1.2.2.tgz. Extracting by manifest.
187 silly tarball no local data for supports-color@https://registry.npmjs.org/supports-color/-/supports-color-8.1.1.tgz. Extracting by manifest.
188 silly tarball no local data for yargs@https://registry.npmjs.org/yargs/-/yargs-17.7.2.tgz. Extracting by manifest.
189 silly tarball no local data for shell-quote@https://registry.npmjs.org/shell-quote/-/shell-quote-1.8.3.tgz. Extracting by manifest.
190 silly tarball no local data for rxjs@https://registry.npmjs.org/rxjs/-/rxjs-7.8.2.tgz. Extracting by manifest.
191 http cache concurrently@https://registry.npmjs.org/concurrently/-/concurrently-9.2.1.tgz 0ms (cache hit)
192 http cache chalk@https://registry.npmjs.org/chalk/-/chalk-4.1.2.tgz 0ms (cache hit)
193 silly tarball no local data for supports-color@https://registry.npmjs.org/supports-color/-/supports-color-7.2.0.tgz. Extracting by manifest.
194 silly tarball no local data for concurrently@https://registry.npmjs.org/concurrently/-/concurrently-9.2.1.tgz. Extracting by manifest.
195 silly tarball no local data for chalk@https://registry.npmjs.org/chalk/-/chalk-4.1.2.tgz. Extracting by manifest.
196 http fetch GET 200 https://registry.npmjs.org/ansi-regex/-/ansi-regex-5.0.1.tgz 100ms (cache miss)
197 http fetch GET 200 https://registry.npmjs.org/is-fullwidth-code-point/-/is-fullwidth-code-point-3.0.0.tgz 117ms (cache miss)
198 http fetch GET 200 https://registry.npmjs.org/strip-ansi/-/strip-ansi-6.0.1.tgz 126ms (cache miss)
199 http fetch GET 200 https://registry.npmjs.org/string-width/-/string-width-4.2.3.tgz 253ms (cache miss)
200 http fetch GET 200 https://registry.npmjs.org/wrap-ansi/-/wrap-ansi-7.0.0.tgz 255ms (cache miss)
201 http fetch GET 200 https://registry.npmjs.org/y18n/-/y18n-5.0.8.tgz 260ms (cache miss)
202 http fetch GET 200 https://registry.npmjs.org/yargs-parser/-/yargs-parser-21.1.1.tgz 268ms (cache miss)
203 http fetch POST 200 https://registry.npmjs.org/-/npm/v1/security/advisories/bulk 357ms
204 silly audit report {}
205 http fetch GET 200 https://registry.npmjs.org/ansi-styles/-/ansi-styles-4.3.0.tgz 425ms (cache miss)
206 http fetch GET 200 https://registry.npmjs.org/tree-kill/-/tree-kill-1.2.2.tgz 425ms (cache miss)
207 http fetch GET 200 https://registry.npmjs.org/color-convert/-/color-convert-2.0.1.tgz 427ms (cache miss)
208 http fetch GET 200 https://registry.npmjs.org/supports-color/-/supports-color-8.1.1.tgz 532ms (cache miss)
209 http fetch GET 200 https://registry.npmjs.org/shell-quote/-/shell-quote-1.8.3.tgz 540ms (cache miss)
210 http fetch GET 200 https://registry.npmjs.org/supports-color/-/supports-color-7.2.0.tgz 601ms (cache miss)
211 http fetch GET 200 https://registry.npmjs.org/get-caller-file/-/get-caller-file-2.0.5.tgz 613ms (cache miss)
212 http fetch GET 200 https://registry.npmjs.org/chalk/-/chalk-4.1.2.tgz 601ms (cache miss)
213 http fetch GET 200 https://registry.npmjs.org/yargs/-/yargs-17.7.2.tgz 633ms (cache miss)
214 http fetch GET 200 https://registry.npmjs.org/color-name/-/color-name-1.1.4.tgz 678ms (cache miss)
215 http fetch GET 200 https://registry.npmjs.org/has-flag/-/has-flag-4.0.0.tgz 679ms (cache miss)
216 http fetch GET 200 https://registry.npmjs.org/require-directory/-/require-directory-2.1.1.tgz 682ms (cache miss)
217 http fetch GET 200 https://registry.npmjs.org/emoji-regex/-/emoji-regex-8.0.0.tgz 684ms (cache miss)
218 http fetch GET 200 https://registry.npmjs.org/cliui/-/cliui-8.0.1.tgz 686ms (cache miss)
219 http fetch GET 200 https://registry.npmjs.org/tslib/-/tslib-2.8.1.tgz 691ms (cache miss)
220 http fetch GET 200 https://registry.npmjs.org/concurrently/-/concurrently-9.2.1.tgz 956ms (cache miss)
221 http fetch GET 200 https://registry.npmjs.org/rxjs/-/rxjs-7.8.2.tgz 2140ms (cache miss)
222 silly ADD node_modules/ansi-regex
223 silly ADD node_modules/is-fullwidth-code-point
224 silly ADD node_modules/emoji-regex
225 silly ADD node_modules/wrap-ansi
226 silly ADD node_modules/strip-ansi
227 silly ADD node_modules/yargs-parser
228 silly ADD node_modules/y18n
229 silly ADD node_modules/string-width
230 silly ADD node_modules/require-directory
231 silly ADD node_modules/get-caller-file
232 silly ADD node_modules/escalade
233 silly ADD node_modules/cliui
234 silly ADD node_modules/has-flag
235 silly ADD node_modules/tslib
236 silly ADD node_modules/color-name
237 silly ADD node_modules/color-convert
238 silly ADD node_modules/ansi-styles
239 silly ADD node_modules/yargs
240 silly ADD node_modules/tree-kill
241 silly ADD node_modules/supports-color
242 silly ADD node_modules/shell-quote
243 silly ADD node_modules/rxjs
244 silly ADD node_modules/chalk
245 silly ADD node_modules/chalk/node_modules/supports-color
246 silly ADD node_modules/concurrently
247 verbose cwd D:\Daily Project 6
248 verbose os Windows_NT 10.0.26100
249 verbose node v24.14.1
250 verbose npm  v11.11.0
251 verbose exit 0
252 info ok
