0 verbose cli C:\Program Files\nodejs\node.exe C:\Program Files\nodejs\node_modules\npm\bin\npm-cli.js
1 info using npm@11.11.0
2 info using node@v24.14.1
3 silly config load:file:C:\Program Files\nodejs\node_modules\npm\npmrc
4 silly config load:file:D:\Daily Project 6\frontend\.npmrc
5 silly config load:file:C:\Users\adamf\.npmrc
6 silly config load:file:D:\Daily Project 6\frontend\etc\npmrc
7 verbose title npm install
8 verbose argv "--prefix" "frontend" "install"
9 verbose logfile logs-max:10 dir:d:\Daily Project 6\.npm-cache\_logs\2026-04-21T09_25_00_187Z-
10 verbose logfile d:\Daily Project 6\.npm-cache\_logs\2026-04-21T09_25_00_187Z-debug-0.log
11 silly logfile done cleaning log files
12 silly packumentCache heap:4496293888 maxSize:1124073472 maxEntrySize:562036736
13 silly idealTree buildDeps
14 silly fetch manifest axios@^1.9.0
15 silly packumentCache full:https://registry.npmjs.org/axios cache-miss
16 http cache https://registry.npmjs.org/axios 8ms (cache hit)
17 silly packumentCache full:https://registry.npmjs.org/axios set size:729663 disposed:false
18 silly fetch manifest react@^18.3.1
19 silly packumentCache full:https://registry.npmjs.org/react cache-miss
20 http cache https://registry.npmjs.org/react 12ms (cache hit)
21 silly packumentCache full:https://registry.npmjs.org/react set size:6613874 disposed:false
22 silly fetch manifest react-dom@^18.3.1
23 silly packumentCache full:https://registry.npmjs.org/react-dom cache-miss
24 http cache https://registry.npmjs.org/react-dom 18ms (cache hit)
25 silly packumentCache full:https://registry.npmjs.org/react-dom set size:8805723 disposed:false
26 silly fetch manifest react-router-dom@^6.30.1
27 silly packumentCache full:https://registry.npmjs.org/react-router-dom cache-miss
28 http cache https://registry.npmjs.org/react-router-dom 11ms (cache hit)
29 silly packumentCache full:https://registry.npmjs.org/react-router-dom set size:2844004 disposed:false
30 silly fetch manifest socket.io-client@^4.8.1
31 silly packumentCache full:https://registry.npmjs.org/socket.io-client cache-miss
32 http cache https://registry.npmjs.org/socket.io-client 3ms (cache hit)
33 silly packumentCache full:https://registry.npmjs.org/socket.io-client set size:410355 disposed:false
34 silly fetch manifest @vitejs/plugin-react@^4.7.0
35 silly packumentCache full:https://registry.npmjs.org/@vitejs%2fplugin-react cache-miss
36 http cache https://registry.npmjs.org/@vitejs%2fplugin-react 3ms (cache hit)
37 silly packumentCache full:https://registry.npmjs.org/@vitejs%2fplugin-react set size:264287 disposed:false
38 silly fetch manifest vite@^5.4.19
39 silly packumentCache full:https://registry.npmjs.org/vite cache-miss
40 http cache https://registry.npmjs.org/vite 52ms (cache hit)
41 silly packumentCache full:https://registry.npmjs.org/vite set size:38811285 disposed:false
42 silly fetch manifest @types/node@^18.0.0 || >=20.0.0
43 silly packumentCache full:https://registry.npmjs.org/@types%2fnode cache-miss
44 http cache https://registry.npmjs.org/@types%2fnode 36ms (cache hit)
45 silly packumentCache full:https://registry.npmjs.org/@types%2fnode set size:10972342 disposed:false
46 silly fetch manifest less@*
47 silly packumentCache full:https://registry.npmjs.org/less cache-miss
48 http cache https://registry.npmjs.org/less 5ms (cache hit)
49 silly packumentCache full:https://registry.npmjs.org/less set size:461684 disposed:false
50 silly fetch manifest lightningcss@^1.21.0
51 silly packumentCache full:https://registry.npmjs.org/lightningcss cache-miss
52 http cache https://registry.npmjs.org/lightningcss 2ms (cache hit)
53 silly packumentCache full:https://registry.npmjs.org/lightningcss set size:186753 disposed:false
54 silly fetch manifest sass@*
55 silly packumentCache full:https://registry.npmjs.org/sass cache-miss
56 http cache https://registry.npmjs.org/sass 2ms (cache hit)
57 silly packumentCache full:https://registry.npmjs.org/sass set size:726244 disposed:false
58 silly fetch manifest sass-embedded@*
59 silly packumentCache full:https://registry.npmjs.org/sass-embedded cache-miss
60 http cache https://registry.npmjs.org/sass-embedded 3ms (cache hit)
61 silly packumentCache full:https://registry.npmjs.org/sass-embedded set size:415594 disposed:false
62 silly fetch manifest stylus@*
63 silly packumentCache full:https://registry.npmjs.org/stylus cache-miss
64 http cache https://registry.npmjs.org/stylus 2ms (cache hit)
65 silly packumentCache full:https://registry.npmjs.org/stylus set size:286766 disposed:false
66 silly fetch manifest sugarss@*
67 silly packumentCache full:https://registry.npmjs.org/sugarss cache-miss
68 http cache https://registry.npmjs.org/sugarss 2ms (cache hit)
69 silly packumentCache full:https://registry.npmjs.org/sugarss set size:44975 disposed:false
70 silly fetch manifest postcss@^8.3.3
71 silly packumentCache full:https://registry.npmjs.org/postcss cache-miss
72 http cache https://registry.npmjs.org/postcss 3ms (cache hit)
73 silly packumentCache full:https://registry.npmjs.org/postcss set size:708244 disposed:false
74 silly fetch manifest terser@^5.4.0
75 silly packumentCache full:https://registry.npmjs.org/terser cache-miss
76 http cache https://registry.npmjs.org/terser 3ms (cache hit)
77 silly packumentCache full:https://registry.npmjs.org/terser set size:789927 disposed:false
78 silly placeDep ROOT @vitejs/plugin-react@4.7.0 OK for: streamsync-frontend@1.0.0 want: ^4.7.0
79 silly placeDep ROOT vite@5.4.21 OK for: @vitejs/plugin-react@4.7.0 want: ^4.2.0 || ^5.0.0 || ^6.0.0 || ^7.0.0
80 silly placeDep ROOT axios@1.15.1 OK for: streamsync-frontend@1.0.0 want: ^1.9.0
81 silly placeDep ROOT react@18.3.1 OK for: streamsync-frontend@1.0.0 want: ^18.3.1
82 silly placeDep ROOT react-dom@18.3.1 OK for: streamsync-frontend@1.0.0 want: ^18.3.1
83 silly placeDep ROOT react-router-dom@6.30.3 OK for: streamsync-frontend@1.0.0 want: ^6.30.1
84 silly placeDep ROOT socket.io-client@4.8.3 OK for: streamsync-frontend@1.0.0 want: ^4.8.1
85 silly fetch manifest @babel/core@^7.28.0
86 silly packumentCache full:https://registry.npmjs.org/@babel%2fcore cache-miss
87 silly fetch manifest react-refresh@^0.17.0
88 silly packumentCache full:https://registry.npmjs.org/react-refresh cache-miss
89 silly fetch manifest @types/babel__core@^7.20.5
90 silly packumentCache full:https://registry.npmjs.org/@types%2fbabel__core cache-miss
91 silly fetch manifest @rolldown/pluginutils@1.0.0-beta.27
92 silly packumentCache full:https://registry.npmjs.org/@rolldown%2fpluginutils cache-miss
93 silly fetch manifest @babel/plugin-transform-react-jsx-self@^7.27.1
94 silly packumentCache full:https://registry.npmjs.org/@babel%2fplugin-transform-react-jsx-self cache-miss
95 silly fetch manifest @babel/plugin-transform-react-jsx-source@^7.27.1
96 silly packumentCache full:https://registry.npmjs.org/@babel%2fplugin-transform-react-jsx-source cache-miss
97 silly fetch manifest rollup@^4.20.0
98 silly packumentCache full:https://registry.npmjs.org/rollup cache-miss
99 silly fetch manifest esbuild@^0.21.3
100 silly packumentCache full:https://registry.npmjs.org/esbuild cache-miss
101 silly fetch manifest postcss@^8.4.43
102 silly packumentCache full:https://registry.npmjs.org/postcss cache-hit
103 silly fetch manifest fsevents@~2.3.3
104 silly packumentCache full:https://registry.npmjs.org/fsevents cache-miss
105 silly fetch manifest form-data@^4.0.5
106 silly packumentCache full:https://registry.npmjs.org/form-data cache-miss
107 silly fetch manifest proxy-from-env@^2.1.0
108 silly packumentCache full:https://registry.npmjs.org/proxy-from-env cache-miss
109 silly fetch manifest follow-redirects@^1.15.11
110 silly packumentCache full:https://registry.npmjs.org/follow-redirects cache-miss
111 silly fetch manifest loose-envify@^1.1.0
112 silly packumentCache full:https://registry.npmjs.org/loose-envify cache-miss
113 silly fetch manifest scheduler@^0.23.2
114 silly packumentCache full:https://registry.npmjs.org/scheduler cache-miss
115 silly fetch manifest loose-envify@^1.1.0
116 silly packumentCache full:https://registry.npmjs.org/loose-envify cache-miss
117 silly fetch manifest react-router@6.30.3
118 silly packumentCache full:https://registry.npmjs.org/react-router cache-miss
119 silly fetch manifest @remix-run/router@1.23.2
120 silly packumentCache full:https://registry.npmjs.org/@remix-run%2frouter cache-miss
121 silly fetch manifest @socket.io/component-emitter@~3.1.0
122 silly packumentCache full:https://registry.npmjs.org/@socket.io%2fcomponent-emitter cache-miss
123 silly fetch manifest debug@~4.4.1
124 silly packumentCache full:https://registry.npmjs.org/debug cache-miss
125 silly fetch manifest engine.io-client@~6.6.1
126 silly packumentCache full:https://registry.npmjs.org/engine.io-client cache-miss
127 silly fetch manifest socket.io-parser@~4.2.4
128 silly packumentCache full:https://registry.npmjs.org/socket.io-parser cache-miss
129 http cache https://registry.npmjs.org/@rolldown%2fpluginutils 23ms (cache hit)
130 silly packumentCache full:https://registry.npmjs.org/@rolldown%2fpluginutils set size:286972 disposed:false
131 http cache https://registry.npmjs.org/@types%2fbabel__core 25ms (cache hit)
132 silly packumentCache full:https://registry.npmjs.org/@types%2fbabel__core set size:88676 disposed:false
133 http cache https://registry.npmjs.org/@babel%2fplugin-transform-react-jsx-source 26ms (cache hit)
134 silly packumentCache full:https://registry.npmjs.org/@babel%2fplugin-transform-react-jsx-source set size:203114 disposed:false
135 http cache https://registry.npmjs.org/@babel%2fcore 29ms (cache hit)
136 silly packumentCache full:https://registry.npmjs.org/@babel%2fcore set size:760113 disposed:false
137 http cache https://registry.npmjs.org/esbuild 33ms (cache hit)
138 silly packumentCache full:https://registry.npmjs.org/esbuild set size:1254708 disposed:false
139 http cache https://registry.npmjs.org/proxy-from-env 38ms (cache hit)
140 silly packumentCache full:https://registry.npmjs.org/proxy-from-env set size:21422 disposed:false
141 http cache https://registry.npmjs.org/@babel%2fplugin-transform-react-jsx-self 40ms (cache hit)
142 silly packumentCache full:https://registry.npmjs.org/@babel%2fplugin-transform-react-jsx-self set size:198119 disposed:false
143 http cache https://registry.npmjs.org/@remix-run%2frouter 39ms (cache hit)
144 silly packumentCache full:https://registry.npmjs.org/@remix-run%2frouter set size:502004 disposed:false
145 http cache https://registry.npmjs.org/follow-redirects 43ms (cache hit)
146 silly packumentCache full:https://registry.npmjs.org/follow-redirects set size:188945 disposed:false
147 http cache https://registry.npmjs.org/form-data 45ms (cache hit)
148 silly packumentCache full:https://registry.npmjs.org/form-data set size:153646 disposed:false
149 http cache https://registry.npmjs.org/loose-envify 45ms (cache hit)
150 silly packumentCache full:https://registry.npmjs.org/loose-envify set size:12559 disposed:false
151 http cache https://registry.npmjs.org/react-router 56ms (cache hit)
152 silly packumentCache full:https://registry.npmjs.org/react-router set size:3946052 disposed:false
153 http cache https://registry.npmjs.org/loose-envify 69ms (cache hit)
154 silly packumentCache full:https://registry.npmjs.org/loose-envify set size:12559 disposed:false
155 silly packumentCache full:https://registry.npmjs.org/loose-envify dispose
156 http cache https://registry.npmjs.org/fsevents 70ms (cache hit)
157 silly packumentCache full:https://registry.npmjs.org/fsevents set size:182472 disposed:false
158 http cache https://registry.npmjs.org/rollup 78ms (cache hit)
159 silly packumentCache full:https://registry.npmjs.org/rollup set size:6169575 disposed:false
160 http cache https://registry.npmjs.org/react-refresh 106ms (cache hit)
161 silly packumentCache full:https://registry.npmjs.org/react-refresh set size:6300571 disposed:false
162 http cache https://registry.npmjs.org/@socket.io%2fcomponent-emitter 128ms (cache hit)
163 silly packumentCache full:https://registry.npmjs.org/@socket.io%2fcomponent-emitter set size:14099 disposed:false
164 http cache https://registry.npmjs.org/debug 129ms (cache hit)
165 silly packumentCache full:https://registry.npmjs.org/debug set size:195840 disposed:false
166 http cache https://registry.npmjs.org/scheduler 136ms (cache hit)
167 silly packumentCache full:https://registry.npmjs.org/scheduler set size:5480996 disposed:false
168 http cache https://registry.npmjs.org/engine.io-client 158ms (cache hit)
169 silly packumentCache full:https://registry.npmjs.org/engine.io-client set size:469044 disposed:false
170 http cache https://registry.npmjs.org/socket.io-parser 160ms (cache hit)
171 silly packumentCache full:https://registry.npmjs.org/socket.io-parser set size:124220 disposed:false
172 silly placeDep ROOT @babel/core@7.29.0 OK for: @vitejs/plugin-react@4.7.0 want: ^7.28.0
173 silly placeDep ROOT @babel/plugin-transform-react-jsx-self@7.27.1 OK for: @vitejs/plugin-react@4.7.0 want: ^7.27.1
174 silly placeDep ROOT @babel/plugin-transform-react-jsx-source@7.27.1 OK for: @vitejs/plugin-react@4.7.0 want: ^7.27.1
175 silly placeDep ROOT @rolldown/pluginutils@1.0.0-beta.27 OK for: @vitejs/plugin-react@4.7.0 want: 1.0.0-beta.27
176 silly placeDep ROOT @types/babel__core@7.20.5 OK for: @vitejs/plugin-react@4.7.0 want: ^7.20.5
177 silly placeDep ROOT react-refresh@0.17.0 OK for: @vitejs/plugin-react@4.7.0 want: ^0.17.0
178 silly fetch manifest debug@^4.1.0
179 silly packumentCache full:https://registry.npmjs.org/debug cache-hit
180 silly fetch manifest json5@^2.2.3
181 silly packumentCache full:https://registry.npmjs.org/json5 cache-miss
182 silly fetch manifest semver@^6.3.1
183 silly packumentCache full:https://registry.npmjs.org/semver cache-miss
184 silly fetch manifest gensync@^1.0.0-beta.2
185 silly packumentCache full:https://registry.npmjs.org/gensync cache-miss
186 silly fetch manifest @babel/types@^7.29.0
187 silly packumentCache full:https://registry.npmjs.org/@babel%2ftypes cache-miss
188 silly fetch manifest @babel/parser@^7.29.0
189 silly packumentCache full:https://registry.npmjs.org/@babel%2fparser cache-miss
190 silly fetch manifest @babel/helpers@^7.28.6
191 silly packumentCache full:https://registry.npmjs.org/@babel%2fhelpers cache-miss
192 silly fetch manifest @babel/template@^7.28.6
193 silly packumentCache full:https://registry.npmjs.org/@babel%2ftemplate cache-miss
194 silly fetch manifest @babel/traverse@^7.29.0
195 silly packumentCache full:https://registry.npmjs.org/@babel%2ftraverse cache-miss
196 silly fetch manifest @babel/generator@^7.29.0
197 silly packumentCache full:https://registry.npmjs.org/@babel%2fgenerator cache-miss
198 silly fetch manifest @babel/code-frame@^7.29.0
199 silly packumentCache full:https://registry.npmjs.org/@babel%2fcode-frame cache-miss
200 silly fetch manifest convert-source-map@^2.0.0
201 silly packumentCache full:https://registry.npmjs.org/convert-source-map cache-miss
202 silly fetch manifest @jridgewell/remapping@^2.3.5
203 silly packumentCache full:https://registry.npmjs.org/@jridgewell%2fremapping cache-miss
204 silly fetch manifest @babel/helper-module-transforms@^7.28.6
205 silly packumentCache full:https://registry.npmjs.org/@babel%2fhelper-module-transforms cache-miss
206 silly fetch manifest @babel/helper-compilation-targets@^7.28.6
207 silly packumentCache full:https://registry.npmjs.org/@babel%2fhelper-compilation-targets cache-miss
208 silly fetch manifest @babel/helper-plugin-utils@^7.27.1
209 silly packumentCache full:https://registry.npmjs.org/@babel%2fhelper-plugin-utils cache-miss
210 silly fetch manifest @babel/helper-plugin-utils@^7.27.1
211 silly packumentCache full:https://registry.npmjs.org/@babel%2fhelper-plugin-utils cache-miss
212 silly fetch manifest @babel/types@^7.20.7
213 silly packumentCache full:https://registry.npmjs.org/@babel%2ftypes cache-miss
214 silly fetch manifest @babel/parser@^7.20.7
215 silly packumentCache full:https://registry.npmjs.org/@babel%2fparser cache-miss
216 silly fetch manifest @types/babel__template@*
217 silly packumentCache full:https://registry.npmjs.org/@types%2fbabel__template cache-miss
218 silly fetch manifest @types/babel__traverse@*
219 silly packumentCache full:https://registry.npmjs.org/@types%2fbabel__traverse cache-miss
220 silly fetch manifest @types/babel__generator@*
221 silly packumentCache full:https://registry.npmjs.org/@types%2fbabel__generator cache-miss
222 http cache https://registry.npmjs.org/semver 22ms (cache hit)
223 silly packumentCache full:https://registry.npmjs.org/semver set size:229620 disposed:false
224 http cache https://registry.npmjs.org/@babel%2fgenerator 23ms (cache hit)
225 silly packumentCache full:https://registry.npmjs.org/@babel%2fgenerator set size:507107 disposed:false
226 http cache https://registry.npmjs.org/json5 26ms (cache hit)
227 silly packumentCache full:https://registry.npmjs.org/json5 set size:86136 disposed:false
228 http cache https://registry.npmjs.org/@babel%2fhelpers 27ms (cache hit)
229 silly packumentCache full:https://registry.npmjs.org/@babel%2fhelpers set size:388224 disposed:false
230 http cache https://registry.npmjs.org/@babel%2ftraverse 29ms (cache hit)
231 silly packumentCache full:https://registry.npmjs.org/@babel%2ftraverse set size:548722 disposed:false
232 http cache https://registry.npmjs.org/convert-source-map 29ms (cache hit)
233 silly packumentCache full:https://registry.npmjs.org/convert-source-map set size:66997 disposed:false
234 http cache https://registry.npmjs.org/@jridgewell%2fremapping 30ms (cache hit)
235 silly packumentCache full:https://registry.npmjs.org/@jridgewell%2fremapping set size:23809 disposed:false
236 http cache https://registry.npmjs.org/@babel%2ftemplate 32ms (cache hit)
237 silly packumentCache full:https://registry.npmjs.org/@babel%2ftemplate set size:227169 disposed:false
238 http cache https://registry.npmjs.org/@babel%2fcode-frame 33ms (cache hit)
239 silly packumentCache full:https://registry.npmjs.org/@babel%2fcode-frame set size:196196 disposed:false
240 http cache https://registry.npmjs.org/@babel%2ftypes 35ms (cache hit)
241 silly packumentCache full:https://registry.npmjs.org/@babel%2ftypes set size:487885 disposed:false
242 http cache https://registry.npmjs.org/@babel%2ftypes 36ms (cache hit)
243 silly packumentCache full:https://registry.npmjs.org/@babel%2ftypes set size:487885 disposed:false
244 silly packumentCache full:https://registry.npmjs.org/@babel%2ftypes dispose
245 http cache https://registry.npmjs.org/@babel%2fhelper-module-transforms 38ms (cache hit)
246 silly packumentCache full:https://registry.npmjs.org/@babel%2fhelper-module-transforms set size:333553 disposed:false
247 http cache https://registry.npmjs.org/@types%2fbabel__traverse 38ms (cache hit)
248 silly packumentCache full:https://registry.npmjs.org/@types%2fbabel__traverse set size:107819 disposed:false
249 http cache https://registry.npmjs.org/@babel%2fparser 41ms (cache hit)
250 silly packumentCache full:https://registry.npmjs.org/@babel%2fparser set size:718758 disposed:false
251 http cache https://registry.npmjs.org/@babel%2fhelper-plugin-utils 43ms (cache hit)
252 silly packumentCache full:https://registry.npmjs.org/@babel%2fhelper-plugin-utils set size:163951 disposed:false
253 http cache https://registry.npmjs.org/@types%2fbabel__generator 43ms (cache hit)
254 silly packumentCache full:https://registry.npmjs.org/@types%2fbabel__generator set size:31587 disposed:false
255 http cache https://registry.npmjs.org/@babel%2fhelper-plugin-utils 45ms (cache hit)
256 silly packumentCache full:https://registry.npmjs.org/@babel%2fhelper-plugin-utils set size:163951 disposed:false
257 silly packumentCache full:https://registry.npmjs.org/@babel%2fhelper-plugin-utils dispose
258 http cache https://registry.npmjs.org/@babel%2fhelper-compilation-targets 46ms (cache hit)
259 silly packumentCache full:https://registry.npmjs.org/@babel%2fhelper-compilation-targets set size:218757 disposed:false
260 http cache https://registry.npmjs.org/@types%2fbabel__template 53ms (cache hit)
261 silly packumentCache full:https://registry.npmjs.org/@types%2fbabel__template set size:22631 disposed:false
262 http cache https://registry.npmjs.org/gensync 56ms (cache hit)
263 silly packumentCache full:https://registry.npmjs.org/gensync set size:15068 disposed:false
264 http cache https://registry.npmjs.org/@babel%2fparser 57ms (cache hit)
265 silly packumentCache full:https://registry.npmjs.org/@babel%2fparser set size:718758 disposed:false
266 silly packumentCache full:https://registry.npmjs.org/@babel%2fparser dispose
267 silly fetch manifest @babel/core@^7.0.0
268 silly packumentCache full:https://registry.npmjs.org/@babel%2fcore cache-hit
269 silly placeDep ROOT @babel/code-frame@7.29.0 OK for: @babel/core@7.29.0 want: ^7.29.0
270 silly placeDep ROOT @babel/generator@7.29.1 OK for: @babel/core@7.29.0 want: ^7.29.0
271 silly placeDep ROOT @babel/helper-compilation-targets@7.28.6 OK for: @babel/core@7.29.0 want: ^7.28.6
272 silly placeDep ROOT @babel/helper-module-transforms@7.28.6 OK for: @babel/core@7.29.0 want: ^7.28.6
273 silly placeDep ROOT @babel/helpers@7.29.2 OK for: @babel/core@7.29.0 want: ^7.28.6
274 silly placeDep ROOT @babel/parser@7.29.2 OK for: @babel/core@7.29.0 want: ^7.29.0
275 silly placeDep ROOT @babel/template@7.28.6 OK for: @babel/core@7.29.0 want: ^7.28.6
276 silly placeDep ROOT @babel/traverse@7.29.0 OK for: @babel/core@7.29.0 want: ^7.29.0
277 silly placeDep ROOT @babel/types@7.29.0 OK for: @babel/core@7.29.0 want: ^7.29.0
278 silly placeDep ROOT @jridgewell/remapping@2.3.5 OK for: @babel/core@7.29.0 want: ^2.3.5
279 silly placeDep ROOT convert-source-map@2.0.0 OK for: @babel/core@7.29.0 want: ^2.0.0
280 silly placeDep ROOT debug@4.4.3 OK for: @babel/core@7.29.0 want: ^4.1.0
281 silly placeDep ROOT gensync@1.0.0-beta.2 OK for: @babel/core@7.29.0 want: ^1.0.0-beta.2
282 silly placeDep ROOT json5@2.2.3 OK for: @babel/core@7.29.0 want: ^2.2.3
283 silly placeDep ROOT semver@6.3.1 OK for: @babel/core@7.29.0 want: ^6.3.1
284 silly fetch manifest js-tokens@^4.0.0
285 silly packumentCache full:https://registry.npmjs.org/js-tokens cache-miss
286 silly fetch manifest picocolors@^1.1.1
287 silly packumentCache full:https://registry.npmjs.org/picocolors cache-miss
288 silly fetch manifest @babel/helper-validator-identifier@^7.28.5
289 silly packumentCache full:https://registry.npmjs.org/@babel%2fhelper-validator-identifier cache-miss
290 silly fetch manifest jsesc@^3.0.2
291 silly packumentCache full:https://registry.npmjs.org/jsesc cache-miss
292 silly fetch manifest @jridgewell/gen-mapping@^0.3.12
293 silly packumentCache full:https://registry.npmjs.org/@jridgewell%2fgen-mapping cache-miss
294 silly fetch manifest @jridgewell/trace-mapping@^0.3.28
295 silly packumentCache full:https://registry.npmjs.org/@jridgewell%2ftrace-mapping cache-miss
296 silly fetch manifest lru-cache@^5.1.1
297 silly packumentCache full:https://registry.npmjs.org/lru-cache cache-miss
298 silly fetch manifest browserslist@^4.24.0
299 silly packumentCache full:https://registry.npmjs.org/browserslist cache-miss
300 silly fetch manifest @babel/compat-data@^7.28.6
301 silly packumentCache full:https://registry.npmjs.org/@babel%2fcompat-data cache-miss
302 silly fetch manifest @babel/helper-validator-option@^7.27.1
303 silly packumentCache full:https://registry.npmjs.org/@babel%2fhelper-validator-option cache-miss
304 silly fetch manifest @babel/traverse@^7.28.6
305 silly packumentCache full:https://registry.npmjs.org/@babel%2ftraverse cache-hit
306 silly fetch manifest @babel/helper-module-imports@^7.28.6
307 silly packumentCache full:https://registry.npmjs.org/@babel%2fhelper-module-imports cache-miss
308 silly fetch manifest @babel/helper-validator-identifier@^7.28.5
309 silly packumentCache full:https://registry.npmjs.org/@babel%2fhelper-validator-identifier cache-miss
310 silly fetch manifest @babel/types@^7.28.6
311 silly packumentCache full:https://registry.npmjs.org/@babel%2ftypes cache-hit
312 silly fetch manifest debug@^4.3.1
313 silly packumentCache full:https://registry.npmjs.org/debug cache-hit
314 silly fetch manifest @babel/helper-globals@^7.28.0
315 silly packumentCache full:https://registry.npmjs.org/@babel%2fhelper-globals cache-miss
316 silly fetch manifest @babel/helper-string-parser@^7.27.1
317 silly packumentCache full:https://registry.npmjs.org/@babel%2fhelper-string-parser cache-miss
318 silly fetch manifest @babel/helper-validator-identifier@^7.28.5
319 silly packumentCache full:https://registry.npmjs.org/@babel%2fhelper-validator-identifier cache-miss
320 silly fetch manifest @jridgewell/gen-mapping@^0.3.5
321 silly packumentCache full:https://registry.npmjs.org/@jridgewell%2fgen-mapping cache-miss
322 silly fetch manifest @jridgewell/trace-mapping@^0.3.24
323 silly packumentCache full:https://registry.npmjs.org/@jridgewell%2ftrace-mapping cache-miss
324 silly fetch manifest ms@^2.1.3
325 silly packumentCache full:https://registry.npmjs.org/ms cache-miss
326 http cache https://registry.npmjs.org/picocolors 17ms (cache hit)
327 silly packumentCache full:https://registry.npmjs.org/picocolors set size:16648 disposed:false
328 http cache https://registry.npmjs.org/@babel%2fhelper-validator-option 17ms (cache hit)
329 silly packumentCache full:https://registry.npmjs.org/@babel%2fhelper-validator-option set size:92248 disposed:false
330 http cache https://registry.npmjs.org/jsesc 19ms (cache hit)
331 silly packumentCache full:https://registry.npmjs.org/jsesc set size:61512 disposed:false
332 http cache https://registry.npmjs.org/@jridgewell%2ftrace-mapping 19ms (cache hit)
333 silly packumentCache full:https://registry.npmjs.org/@jridgewell%2ftrace-mapping set size:170909 disposed:false
334 http cache https://registry.npmjs.org/@babel%2fhelper-string-parser 19ms (cache hit)
335 silly packumentCache full:https://registry.npmjs.org/@babel%2fhelper-string-parser set size:82028 disposed:false
336 http cache https://registry.npmjs.org/@babel%2fhelper-module-imports 20ms (cache hit)
337 silly packumentCache full:https://registry.npmjs.org/@babel%2fhelper-module-imports set size:193449 disposed:false
338 http cache https://registry.npmjs.org/@babel%2fhelper-globals 21ms (cache hit)
339 silly packumentCache full:https://registry.npmjs.org/@babel%2fhelper-globals set size:15475 disposed:false
340 http cache https://registry.npmjs.org/@jridgewell%2fgen-mapping 22ms (cache hit)
341 silly packumentCache full:https://registry.npmjs.org/@jridgewell%2fgen-mapping set size:80719 disposed:false
342 http cache https://registry.npmjs.org/ms 20ms (cache hit)
343 silly packumentCache full:https://registry.npmjs.org/ms set size:92208 disposed:false
344 http cache https://registry.npmjs.org/lru-cache 24ms (cache hit)
345 silly packumentCache full:https://registry.npmjs.org/lru-cache set size:439357 disposed:false
346 http cache https://registry.npmjs.org/js-tokens 28ms (cache hit)
347 silly packumentCache full:https://registry.npmjs.org/js-tokens set size:41947 disposed:false
348 http cache https://registry.npmjs.org/@babel%2fhelper-validator-identifier 27ms (cache hit)
349 silly packumentCache full:https://registry.npmjs.org/@babel%2fhelper-validator-identifier set size:116299 disposed:false
350 http cache https://registry.npmjs.org/@jridgewell%2fgen-mapping 28ms (cache hit)
351 silly packumentCache full:https://registry.npmjs.org/@jridgewell%2fgen-mapping set size:80719 disposed:false
352 silly packumentCache full:https://registry.npmjs.org/@jridgewell%2fgen-mapping dispose
353 http cache https://registry.npmjs.org/@babel%2fhelper-validator-identifier 29ms (cache hit)
354 silly packumentCache full:https://registry.npmjs.org/@babel%2fhelper-validator-identifier set size:116299 disposed:false
355 silly packumentCache full:https://registry.npmjs.org/@babel%2fhelper-validator-identifier dispose
356 http cache https://registry.npmjs.org/@babel%2fcompat-data 31ms (cache hit)
357 silly packumentCache full:https://registry.npmjs.org/@babel%2fcompat-data set size:305632 disposed:false
358 http cache https://registry.npmjs.org/@jridgewell%2ftrace-mapping 31ms (cache hit)
359 silly packumentCache full:https://registry.npmjs.org/@jridgewell%2ftrace-mapping set size:170909 disposed:false
360 silly packumentCache full:https://registry.npmjs.org/@jridgewell%2ftrace-mapping dispose
361 http cache https://registry.npmjs.org/browserslist 34ms (cache hit)
362 silly packumentCache full:https://registry.npmjs.org/browserslist set size:504681 disposed:false
363 http cache https://registry.npmjs.org/@babel%2fhelper-validator-identifier 45ms (cache hit)
364 silly packumentCache full:https://registry.npmjs.org/@babel%2fhelper-validator-identifier set size:116299 disposed:true
365 silly packumentCache full:https://registry.npmjs.org/@babel%2fhelper-validator-identifier dispose
366 silly placeDep ROOT @babel/helper-validator-identifier@7.28.5 OK for: @babel/code-frame@7.29.0 want: ^7.28.5
367 silly placeDep ROOT js-tokens@4.0.0 OK for: @babel/code-frame@7.29.0 want: ^4.0.0
368 silly placeDep ROOT picocolors@1.1.1 OK for: @babel/code-frame@7.29.0 want: ^1.1.1
369 silly placeDep ROOT @jridgewell/gen-mapping@0.3.13 OK for: @babel/generator@7.29.1 want: ^0.3.12
370 silly placeDep ROOT @jridgewell/trace-mapping@0.3.31 OK for: @babel/generator@7.29.1 want: ^0.3.28
371 silly placeDep ROOT jsesc@3.1.0 OK for: @babel/generator@7.29.1 want: ^3.0.2
372 silly fetch manifest @jridgewell/sourcemap-codec@^1.5.0
373 silly packumentCache full:https://registry.npmjs.org/@jridgewell%2fsourcemap-codec cache-miss
374 silly fetch manifest @jridgewell/resolve-uri@^3.1.0
375 silly packumentCache full:https://registry.npmjs.org/@jridgewell%2fresolve-uri cache-miss
376 silly fetch manifest @jridgewell/sourcemap-codec@^1.4.14
377 silly packumentCache full:https://registry.npmjs.org/@jridgewell%2fsourcemap-codec cache-miss
378 http cache https://registry.npmjs.org/@jridgewell%2fresolve-uri 14ms (cache hit)
379 silly packumentCache full:https://registry.npmjs.org/@jridgewell%2fresolve-uri set size:57361 disposed:false
380 http cache https://registry.npmjs.org/@jridgewell%2fsourcemap-codec 15ms (cache hit)
381 silly packumentCache full:https://registry.npmjs.org/@jridgewell%2fsourcemap-codec set size:59275 disposed:false
382 http cache https://registry.npmjs.org/@jridgewell%2fsourcemap-codec 16ms (cache hit)
383 silly packumentCache full:https://registry.npmjs.org/@jridgewell%2fsourcemap-codec set size:59275 disposed:false
384 silly packumentCache full:https://registry.npmjs.org/@jridgewell%2fsourcemap-codec dispose
385 silly placeDep ROOT @babel/compat-data@7.29.0 OK for: @babel/helper-compilation-targets@7.28.6 want: ^7.28.6
386 silly placeDep ROOT @babel/helper-validator-option@7.27.1 OK for: @babel/helper-compilation-targets@7.28.6 want: ^7.27.1
387 silly placeDep ROOT browserslist@4.28.2 OK for: @babel/helper-compilation-targets@7.28.6 want: ^4.24.0
388 silly placeDep ROOT lru-cache@5.1.1 OK for: @babel/helper-compilation-targets@7.28.6 want: ^5.1.1
389 silly fetch manifest baseline-browser-mapping@^2.10.12
390 silly packumentCache full:https://registry.npmjs.org/baseline-browser-mapping cache-miss
391 silly fetch manifest caniuse-lite@^1.0.30001782
392 silly packumentCache full:https://registry.npmjs.org/caniuse-lite cache-miss
393 silly fetch manifest electron-to-chromium@^1.5.328
394 silly packumentCache full:https://registry.npmjs.org/electron-to-chromium cache-miss
395 silly fetch manifest node-releases@^2.0.36
396 silly packumentCache full:https://registry.npmjs.org/node-releases cache-miss
397 silly fetch manifest update-browserslist-db@^1.2.3
398 silly packumentCache full:https://registry.npmjs.org/update-browserslist-db cache-miss
399 silly fetch manifest yallist@^3.0.2
400 silly packumentCache full:https://registry.npmjs.org/yallist cache-miss
401 http cache https://registry.npmjs.org/yallist 8ms (cache hit)
402 silly packumentCache full:https://registry.npmjs.org/yallist set size:34610 disposed:false
403 http cache https://registry.npmjs.org/baseline-browser-mapping 9ms (cache hit)
404 silly packumentCache full:https://registry.npmjs.org/baseline-browser-mapping set size:448101 disposed:false
405 http cache https://registry.npmjs.org/caniuse-lite 14ms (cache hit)
406 silly packumentCache full:https://registry.npmjs.org/caniuse-lite set size:2285117 disposed:false
407 http cache https://registry.npmjs.org/node-releases 21ms (cache hit)
408 silly packumentCache full:https://registry.npmjs.org/node-releases set size:272120 disposed:false
409 http cache https://registry.npmjs.org/electron-to-chromium 28ms (cache hit)
410 silly packumentCache full:https://registry.npmjs.org/electron-to-chromium set size:4761682 disposed:false
411 http cache https://registry.npmjs.org/update-browserslist-db 42ms (cache hit)
412 silly packumentCache full:https://registry.npmjs.org/update-browserslist-db set size:62000 disposed:false
413 silly placeDep ROOT @babel/helper-module-imports@7.28.6 OK for: @babel/helper-module-transforms@7.28.6 want: ^7.28.6
414 silly placeDep ROOT @babel/helper-plugin-utils@7.28.6 OK for: @babel/plugin-transform-react-jsx-self@7.27.1 want: ^7.27.1
415 silly placeDep ROOT @babel/helper-globals@7.28.0 OK for: @babel/traverse@7.29.0 want: ^7.28.0
416 silly placeDep ROOT @babel/helper-string-parser@7.27.1 OK for: @babel/types@7.29.0 want: ^7.27.1
417 silly placeDep ROOT @jridgewell/sourcemap-codec@1.5.5 OK for: @jridgewell/gen-mapping@0.3.13 want: ^1.5.0
418 silly placeDep ROOT @jridgewell/resolve-uri@3.1.2 OK for: @jridgewell/trace-mapping@0.3.31 want: ^3.1.0
419 silly placeDep ROOT @types/babel__generator@7.27.0 OK for: @types/babel__core@7.20.5 want: *
420 silly placeDep ROOT @types/babel__template@7.4.4 OK for: @types/babel__core@7.20.5 want: *
421 silly placeDep ROOT @types/babel__traverse@7.28.0 OK for: @types/babel__core@7.20.5 want: *
422 silly placeDep ROOT follow-redirects@1.16.0 OK for: axios@1.15.1 want: ^1.15.11
423 silly placeDep ROOT form-data@4.0.5 OK for: axios@1.15.1 want: ^4.0.5
424 silly placeDep ROOT proxy-from-env@2.1.0 OK for: axios@1.15.1 want: ^2.1.0
425 silly fetch manifest asynckit@^0.4.0
426 silly packumentCache full:https://registry.npmjs.org/asynckit cache-miss
427 silly fetch manifest combined-stream@^1.0.8
428 silly packumentCache full:https://registry.npmjs.org/combined-stream cache-miss
429 silly fetch manifest es-set-tostringtag@^2.1.0
430 silly packumentCache full:https://registry.npmjs.org/es-set-tostringtag cache-miss
431 silly fetch manifest hasown@^2.0.2
432 silly packumentCache full:https://registry.npmjs.org/hasown cache-miss
433 silly fetch manifest mime-types@^2.1.12
434 silly packumentCache full:https://registry.npmjs.org/mime-types cache-miss
435 http cache https://registry.npmjs.org/asynckit 8ms (cache hit)
436 silly packumentCache full:https://registry.npmjs.org/asynckit set size:18932 disposed:false
437 http cache https://registry.npmjs.org/combined-stream 8ms (cache hit)
438 silly packumentCache full:https://registry.npmjs.org/combined-stream set size:40337 disposed:false
439 http cache https://registry.npmjs.org/mime-types 9ms (cache hit)
440 silly packumentCache full:https://registry.npmjs.org/mime-types set size:139110 disposed:false
441 http cache https://registry.npmjs.org/es-set-tostringtag 10ms (cache hit)
442 silly packumentCache full:https://registry.npmjs.org/es-set-tostringtag set size:22094 disposed:false
443 http cache https://registry.npmjs.org/hasown 10ms (cache hit)
444 silly packumentCache full:https://registry.npmjs.org/hasown set size:15429 disposed:false
445 silly fetch manifest browserslist@>= 4.21.0
446 silly packumentCache full:https://registry.npmjs.org/browserslist cache-hit
447 silly placeDep ROOT baseline-browser-mapping@2.10.20 OK for: browserslist@4.28.2 want: ^2.10.12
448 silly placeDep ROOT caniuse-lite@1.0.30001788 OK for: browserslist@4.28.2 want: ^1.0.30001782
449 silly placeDep ROOT electron-to-chromium@1.5.340 OK for: browserslist@4.28.2 want: ^1.5.328
450 silly placeDep ROOT node-releases@2.0.37 OK for: browserslist@4.28.2 want: ^2.0.36
451 silly placeDep ROOT update-browserslist-db@1.2.3 OK for: browserslist@4.28.2 want: ^1.2.3
452 silly fetch manifest escalade@^3.2.0
453 silly packumentCache full:https://registry.npmjs.org/escalade cache-miss
454 http cache https://registry.npmjs.org/escalade 2ms (cache hit)
455 silly packumentCache full:https://registry.npmjs.org/escalade set size:33724 disposed:false
456 silly placeDep ROOT ms@2.1.3 OK for: debug@4.4.3 want: ^2.1.3
457 silly placeDep ROOT asynckit@0.4.0 OK for: form-data@4.0.5 want: ^0.4.0
458 silly placeDep ROOT combined-stream@1.0.8 OK for: form-data@4.0.5 want: ^1.0.8
459 silly placeDep ROOT es-set-tostringtag@2.1.0 OK for: form-data@4.0.5 want: ^2.1.0
460 silly placeDep ROOT hasown@2.0.3 OK for: form-data@4.0.5 want: ^2.0.2
461 silly placeDep ROOT mime-types@2.1.35 OK for: form-data@4.0.5 want: ^2.1.12
462 silly fetch manifest delayed-stream@~1.0.0
463 silly packumentCache full:https://registry.npmjs.org/delayed-stream cache-miss
464 silly fetch manifest es-errors@^1.3.0
465 silly packumentCache full:https://registry.npmjs.org/es-errors cache-miss
466 silly fetch manifest get-intrinsic@^1.2.6
467 silly packumentCache full:https://registry.npmjs.org/get-intrinsic cache-miss
468 silly fetch manifest has-tostringtag@^1.0.2
469 silly packumentCache full:https://registry.npmjs.org/has-tostringtag cache-miss
470 silly fetch manifest function-bind@^1.1.2
471 silly packumentCache full:https://registry.npmjs.org/function-bind cache-miss
472 silly fetch manifest mime-db@1.52.0
473 silly packumentCache full:https://registry.npmjs.org/mime-db cache-miss
474 http cache https://registry.npmjs.org/es-errors 7ms (cache hit)
475 silly packumentCache full:https://registry.npmjs.org/es-errors set size:16918 disposed:false
476 http cache https://registry.npmjs.org/get-intrinsic 7ms (cache hit)
477 silly packumentCache full:https://registry.npmjs.org/get-intrinsic set size:60985 disposed:false
478 http cache https://registry.npmjs.org/has-tostringtag 8ms (cache hit)
479 silly packumentCache full:https://registry.npmjs.org/has-tostringtag set size:13945 disposed:false
480 http cache https://registry.npmjs.org/function-bind 8ms (cache hit)
481 silly packumentCache full:https://registry.npmjs.org/function-bind set size:15733 disposed:false
482 http cache https://registry.npmjs.org/delayed-stream 10ms (cache hit)
483 silly packumentCache full:https://registry.npmjs.org/delayed-stream set size:15820 disposed:false
484 http cache https://registry.npmjs.org/mime-db 10ms (cache hit)
485 silly packumentCache full:https://registry.npmjs.org/mime-db set size:164953 disposed:false
486 silly placeDep ROOT delayed-stream@1.0.0 OK for: combined-stream@1.0.8 want: ~1.0.0
487 silly placeDep ROOT es-errors@1.3.0 OK for: es-set-tostringtag@2.1.0 want: ^1.3.0
488 silly placeDep ROOT get-intrinsic@1.3.0 OK for: es-set-tostringtag@2.1.0 want: ^1.2.6
489 silly placeDep ROOT has-tostringtag@1.0.2 OK for: es-set-tostringtag@2.1.0 want: ^1.0.2
490 silly fetch manifest gopd@^1.2.0
491 silly packumentCache full:https://registry.npmjs.org/gopd cache-miss
492 silly fetch manifest get-proto@^1.0.1
493 silly packumentCache full:https://registry.npmjs.org/get-proto cache-miss
494 silly fetch manifest has-symbols@^1.1.0
495 silly packumentCache full:https://registry.npmjs.org/has-symbols cache-miss
496 silly fetch manifest es-object-atoms@^1.1.1
497 silly packumentCache full:https://registry.npmjs.org/es-object-atoms cache-miss
498 silly fetch manifest math-intrinsics@^1.1.0
499 silly packumentCache full:https://registry.npmjs.org/math-intrinsics cache-miss
500 silly fetch manifest es-define-property@^1.0.1
501 silly packumentCache full:https://registry.npmjs.org/es-define-property cache-miss
502 silly fetch manifest call-bind-apply-helpers@^1.0.2
503 silly packumentCache full:https://registry.npmjs.org/call-bind-apply-helpers cache-miss
504 silly fetch manifest has-symbols@^1.0.3
505 silly packumentCache full:https://registry.npmjs.org/has-symbols cache-miss
506 http cache https://registry.npmjs.org/es-object-atoms 6ms (cache hit)
507 silly packumentCache full:https://registry.npmjs.org/es-object-atoms set size:15304 disposed:false
508 http cache https://registry.npmjs.org/es-define-property 7ms (cache hit)
509 silly packumentCache full:https://registry.npmjs.org/es-define-property set size:8542 disposed:false
510 http cache https://registry.npmjs.org/has-symbols 8ms (cache hit)
511 silly packumentCache full:https://registry.npmjs.org/has-symbols set size:21550 disposed:false
512 http cache https://registry.npmjs.org/call-bind-apply-helpers 8ms (cache hit)
513 silly packumentCache full:https://registry.npmjs.org/call-bind-apply-helpers set size:12744 disposed:false
514 http cache https://registry.npmjs.org/math-intrinsics 9ms (cache hit)
515 silly packumentCache full:https://registry.npmjs.org/math-intrinsics set size:9265 disposed:false
516 http cache https://registry.npmjs.org/gopd 10ms (cache hit)
517 silly packumentCache full:https://registry.npmjs.org/gopd set size:11458 disposed:false
518 http cache https://registry.npmjs.org/get-proto 11ms (cache hit)
519 silly packumentCache full:https://registry.npmjs.org/get-proto set size:8300 disposed:false
520 http cache https://registry.npmjs.org/has-symbols 10ms (cache hit)
521 silly packumentCache full:https://registry.npmjs.org/has-symbols set size:21550 disposed:false
522 silly packumentCache full:https://registry.npmjs.org/has-symbols dispose
523 silly placeDep ROOT call-bind-apply-helpers@1.0.2 OK for: get-intrinsic@1.3.0 want: ^1.0.2
524 silly placeDep ROOT es-define-property@1.0.1 OK for: get-intrinsic@1.3.0 want: ^1.0.1
525 silly placeDep ROOT es-object-atoms@1.1.1 OK for: get-intrinsic@1.3.0 want: ^1.1.1
526 silly placeDep ROOT function-bind@1.1.2 OK for: get-intrinsic@1.3.0 want: ^1.1.2
527 silly placeDep ROOT get-proto@1.0.1 OK for: get-intrinsic@1.3.0 want: ^1.0.1
528 silly placeDep ROOT gopd@1.2.0 OK for: get-intrinsic@1.3.0 want: ^1.2.0
529 silly placeDep ROOT has-symbols@1.1.0 OK for: get-intrinsic@1.3.0 want: ^1.1.0
530 silly placeDep ROOT math-intrinsics@1.1.0 OK for: get-intrinsic@1.3.0 want: ^1.1.0
531 silly fetch manifest dunder-proto@^1.0.1
532 silly packumentCache full:https://registry.npmjs.org/dunder-proto cache-miss
533 http cache https://registry.npmjs.org/dunder-proto 2ms (cache hit)
534 silly packumentCache full:https://registry.npmjs.org/dunder-proto set size:8256 disposed:false
535 silly placeDep ROOT dunder-proto@1.0.1 OK for: get-proto@1.0.1 want: ^1.0.1
536 silly placeDep ROOT yallist@3.1.1 OK for: lru-cache@5.1.1 want: ^3.0.2
537 silly placeDep ROOT mime-db@1.52.0 OK for: mime-types@2.1.35 want: 1.52.0
538 silly placeDep ROOT loose-envify@1.4.0 OK for: react@18.3.1 want: ^1.1.0
539 silly placeDep ROOT scheduler@0.23.2 OK for: react-dom@18.3.1 want: ^0.23.2
540 silly fetch manifest react@>=16.8
541 silly packumentCache full:https://registry.npmjs.org/react cache-miss
542 http cache https://registry.npmjs.org/react 10ms (cache hit)
543 silly packumentCache full:https://registry.npmjs.org/react set size:6613874 disposed:false
544 silly placeDep ROOT @remix-run/router@1.23.2 OK for: react-router-dom@6.30.3 want: 1.23.2
545 silly placeDep ROOT react-router@6.30.3 OK for: react-router-dom@6.30.3 want: 6.30.3
546 silly placeDep ROOT @socket.io/component-emitter@3.1.2 OK for: socket.io-client@4.8.3 want: ~3.1.0
547 silly placeDep ROOT engine.io-client@6.6.4 OK for: socket.io-client@4.8.3 want: ~6.6.1
548 silly placeDep ROOT socket.io-parser@4.2.6 OK for: socket.io-client@4.8.3 want: ~4.2.4
549 silly fetch manifest engine.io-parser@~5.2.1
550 silly packumentCache full:https://registry.npmjs.org/engine.io-parser cache-miss
551 silly fetch manifest ws@~8.18.3
552 silly packumentCache full:https://registry.npmjs.org/ws cache-miss
553 silly fetch manifest xmlhttprequest-ssl@~2.1.1
554 silly packumentCache full:https://registry.npmjs.org/xmlhttprequest-ssl cache-miss
555 http cache https://registry.npmjs.org/xmlhttprequest-ssl 6ms (cache hit)
556 silly packumentCache full:https://registry.npmjs.org/xmlhttprequest-ssl set size:41046 disposed:false
557 http cache https://registry.npmjs.org/engine.io-parser 8ms (cache hit)
558 silly packumentCache full:https://registry.npmjs.org/engine.io-parser set size:116455 disposed:false
559 http cache https://registry.npmjs.org/ws 8ms (cache hit)
560 silly packumentCache full:https://registry.npmjs.org/ws set size:415737 disposed:false
561 silly fetch manifest bufferutil@^4.0.1
562 silly packumentCache full:https://registry.npmjs.org/bufferutil cache-miss
563 http cache https://registry.npmjs.org/bufferutil 2ms (cache hit)
564 silly packumentCache full:https://registry.npmjs.org/bufferutil set size:52763 disposed:false
565 silly fetch manifest utf-8-validate@>=5.0.2
566 silly packumentCache full:https://registry.npmjs.org/utf-8-validate cache-miss
567 http cache https://registry.npmjs.org/utf-8-validate 2ms (cache hit)
568 silly packumentCache full:https://registry.npmjs.org/utf-8-validate set size:77148 disposed:false
569 silly placeDep ROOT engine.io-parser@5.2.3 OK for: engine.io-client@6.6.4 want: ~5.2.1
570 silly placeDep ROOT ws@8.18.3 OK for: engine.io-client@6.6.4 want: ~8.18.3
571 silly placeDep ROOT xmlhttprequest-ssl@2.1.2 OK for: engine.io-client@6.6.4 want: ~2.1.1
572 silly placeDep ROOT escalade@3.2.0 OK for: update-browserslist-db@1.2.3 want: ^3.2.0
573 silly placeDep ROOT esbuild@0.21.5 OK for: vite@5.4.21 want: ^0.21.3
574 silly placeDep ROOT fsevents@2.3.3 OK for: vite@5.4.21 want: ~2.3.3
575 silly placeDep ROOT postcss@8.5.10 OK for: vite@5.4.21 want: ^8.4.43
576 silly placeDep ROOT rollup@4.60.2 OK for: vite@5.4.21 want: ^4.20.0
577 silly fetch manifest @esbuild/aix-ppc64@0.21.5
578 silly packumentCache full:https://registry.npmjs.org/@esbuild%2faix-ppc64 cache-miss
579 silly fetch manifest @esbuild/linux-arm@0.21.5
580 silly packumentCache full:https://registry.npmjs.org/@esbuild%2flinux-arm cache-miss
581 silly fetch manifest @esbuild/linux-x64@0.21.5
582 silly packumentCache full:https://registry.npmjs.org/@esbuild%2flinux-x64 cache-miss
583 silly fetch manifest @esbuild/sunos-x64@0.21.5
584 silly packumentCache full:https://registry.npmjs.org/@esbuild%2fsunos-x64 cache-miss
585 silly fetch manifest @esbuild/win32-x64@0.21.5
586 silly packumentCache full:https://registry.npmjs.org/@esbuild%2fwin32-x64 cache-miss
587 silly fetch manifest @esbuild/darwin-x64@0.21.5
588 silly packumentCache full:https://registry.npmjs.org/@esbuild%2fdarwin-x64 cache-miss
589 silly fetch manifest @esbuild/linux-ia32@0.21.5
590 silly packumentCache full:https://registry.npmjs.org/@esbuild%2flinux-ia32 cache-miss
591 silly fetch manifest @esbuild/netbsd-x64@0.21.5
592 silly packumentCache full:https://registry.npmjs.org/@esbuild%2fnetbsd-x64 cache-miss
593 silly fetch manifest @esbuild/win32-ia32@0.21.5
594 silly packumentCache full:https://registry.npmjs.org/@esbuild%2fwin32-ia32 cache-miss
595 silly fetch manifest @esbuild/android-arm@0.21.5
596 silly packumentCache full:https://registry.npmjs.org/@esbuild%2fandroid-arm cache-miss
597 silly fetch manifest @esbuild/android-x64@0.21.5
598 silly packumentCache full:https://registry.npmjs.org/@esbuild%2fandroid-x64 cache-miss
599 silly fetch manifest @esbuild/freebsd-x64@0.21.5
600 silly packumentCache full:https://registry.npmjs.org/@esbuild%2ffreebsd-x64 cache-miss
601 silly fetch manifest @esbuild/linux-arm64@0.21.5
602 silly packumentCache full:https://registry.npmjs.org/@esbuild%2flinux-arm64 cache-miss
603 silly fetch manifest @esbuild/linux-ppc64@0.21.5
604 silly packumentCache full:https://registry.npmjs.org/@esbuild%2flinux-ppc64 cache-miss
605 silly fetch manifest @esbuild/linux-s390x@0.21.5
606 silly packumentCache full:https://registry.npmjs.org/@esbuild%2flinux-s390x cache-miss
607 silly fetch manifest @esbuild/openbsd-x64@0.21.5
608 silly packumentCache full:https://registry.npmjs.org/@esbuild%2fopenbsd-x64 cache-miss
609 silly fetch manifest @esbuild/win32-arm64@0.21.5
610 silly packumentCache full:https://registry.npmjs.org/@esbuild%2fwin32-arm64 cache-miss
611 silly fetch manifest @esbuild/darwin-arm64@0.21.5
612 silly packumentCache full:https://registry.npmjs.org/@esbuild%2fdarwin-arm64 cache-miss
613 silly fetch manifest @esbuild/android-arm64@0.21.5
614 silly packumentCache full:https://registry.npmjs.org/@esbuild%2fandroid-arm64 cache-miss
615 silly fetch manifest @esbuild/freebsd-arm64@0.21.5
616 silly packumentCache full:https://registry.npmjs.org/@esbuild%2ffreebsd-arm64 cache-miss
617 silly fetch manifest @esbuild/linux-loong64@0.21.5
618 silly packumentCache full:https://registry.npmjs.org/@esbuild%2flinux-loong64 cache-miss
619 silly fetch manifest @esbuild/linux-riscv64@0.21.5
620 silly packumentCache full:https://registry.npmjs.org/@esbuild%2flinux-riscv64 cache-miss
621 silly fetch manifest @esbuild/linux-mips64el@0.21.5
622 silly packumentCache full:https://registry.npmjs.org/@esbuild%2flinux-mips64el cache-miss
623 silly fetch manifest nanoid@^3.3.11
624 silly packumentCache full:https://registry.npmjs.org/nanoid cache-miss
625 silly fetch manifest source-map-js@^1.2.1
626 silly packumentCache full:https://registry.npmjs.org/source-map-js cache-miss
627 silly fetch manifest @types/estree@1.0.8
628 silly packumentCache full:https://registry.npmjs.org/@types%2festree cache-miss
629 silly fetch manifest @rollup/rollup-darwin-arm64@4.60.2
630 silly packumentCache full:https://registry.npmjs.org/@rollup%2frollup-darwin-arm64 cache-miss
631 http cache https://registry.npmjs.org/@esbuild%2flinux-ia32 22ms (cache hit)
632 silly packumentCache full:https://registry.npmjs.org/@esbuild%2flinux-ia32 set size:196150 disposed:false
633 silly fetch manifest @rollup/rollup-android-arm64@4.60.2
634 silly packumentCache full:https://registry.npmjs.org/@rollup%2frollup-android-arm64 cache-miss
635 http cache https://registry.npmjs.org/@esbuild%2fdarwin-x64 23ms (cache hit)
636 silly packumentCache full:https://registry.npmjs.org/@esbuild%2fdarwin-x64 set size:196195 disposed:false
637 silly fetch manifest @rollup/rollup-win32-arm64-msvc@4.60.2
638 silly packumentCache full:https://registry.npmjs.org/@rollup%2frollup-win32-arm64-msvc cache-miss
639 http cache https://registry.npmjs.org/@esbuild%2fsunos-x64 25ms (cache hit)
640 silly packumentCache full:https://registry.npmjs.org/@esbuild%2fsunos-x64 set size:195721 disposed:false
641 silly fetch manifest @rollup/rollup-freebsd-arm64@4.60.2
642 silly packumentCache full:https://registry.npmjs.org/@rollup%2frollup-freebsd-arm64 cache-miss
643 http cache https://registry.npmjs.org/@esbuild%2fwin32-ia32 26ms (cache hit)
644 silly packumentCache full:https://registry.npmjs.org/@esbuild%2fwin32-ia32 set size:196374 disposed:false
645 silly fetch manifest @rollup/rollup-linux-arm64-gnu@4.60.2
646 silly packumentCache full:https://registry.npmjs.org/@rollup%2frollup-linux-arm64-gnu cache-miss
647 http cache https://registry.npmjs.org/@esbuild%2flinux-arm 27ms (cache hit)
648 silly packumentCache full:https://registry.npmjs.org/@esbuild%2flinux-arm set size:195140 disposed:false
649 silly fetch manifest @rollup/rollup-linux-arm64-musl@4.60.2
650 silly packumentCache full:https://registry.npmjs.org/@rollup%2frollup-linux-arm64-musl cache-miss
651 http cache https://registry.npmjs.org/@esbuild%2fandroid-x64 28ms (cache hit)
652 silly packumentCache full:https://registry.npmjs.org/@esbuild%2fandroid-x64 set size:195551 disposed:false
653 silly fetch manifest @rollup/rollup-android-arm-eabi@4.60.2
654 silly packumentCache full:https://registry.npmjs.org/@rollup%2frollup-android-arm-eabi cache-miss
655 http cache https://registry.npmjs.org/@esbuild%2fwin32-x64 30ms (cache hit)
656 silly packumentCache full:https://registry.npmjs.org/@esbuild%2fwin32-x64 set size:194073 disposed:false
657 silly fetch manifest @rollup/rollup-linux-arm-gnueabihf@4.60.2
658 silly packumentCache full:https://registry.npmjs.org/@rollup%2frollup-linux-arm-gnueabihf cache-miss
659 http cache https://registry.npmjs.org/@esbuild%2fandroid-arm 31ms (cache hit)
660 silly packumentCache full:https://registry.npmjs.org/@esbuild%2fandroid-arm set size:221749 disposed:false
661 silly fetch manifest @rollup/rollup-linux-arm-musleabihf@4.60.2
662 silly packumentCache full:https://registry.npmjs.org/@rollup%2frollup-linux-arm-musleabihf cache-miss
663 http cache https://registry.npmjs.org/@esbuild%2ffreebsd-x64 32ms (cache hit)
664 silly packumentCache full:https://registry.npmjs.org/@esbuild%2ffreebsd-x64 set size:197070 disposed:false
665 silly fetch manifest @rollup/rollup-win32-ia32-msvc@4.60.2
666 silly packumentCache full:https://registry.npmjs.org/@rollup%2frollup-win32-ia32-msvc cache-miss
667 http cache https://registry.npmjs.org/@esbuild%2fdarwin-arm64 32ms (cache hit)
668 silly packumentCache full:https://registry.npmjs.org/@esbuild%2fdarwin-arm64 set size:197958 disposed:false
669 silly fetch manifest @rollup/rollup-linux-loong64-gnu@4.60.2
670 silly packumentCache full:https://registry.npmjs.org/@rollup%2frollup-linux-loong64-gnu cache-miss
671 http cache https://registry.npmjs.org/@esbuild%2fwin32-arm64 34ms (cache hit)
672 silly packumentCache full:https://registry.npmjs.org/@esbuild%2fwin32-arm64 set size:197504 disposed:false
673 silly fetch manifest @rollup/rollup-linux-loong64-musl@4.60.2
674 silly packumentCache full:https://registry.npmjs.org/@rollup%2frollup-linux-loong64-musl cache-miss
675 http cache https://registry.npmjs.org/@esbuild%2flinux-arm64 35ms (cache hit)
676 silly packumentCache full:https://registry.npmjs.org/@esbuild%2flinux-arm64 set size:197274 disposed:false
677 silly fetch manifest @rollup/rollup-linux-riscv64-gnu@4.60.2
678 silly packumentCache full:https://registry.npmjs.org/@rollup%2frollup-linux-riscv64-gnu cache-miss
679 http cache https://registry.npmjs.org/@esbuild%2flinux-x64 37ms (cache hit)
680 silly packumentCache full:https://registry.npmjs.org/@esbuild%2flinux-x64 set size:195479 disposed:false
681 silly fetch manifest @rollup/rollup-linux-riscv64-musl@4.60.2
682 silly packumentCache full:https://registry.npmjs.org/@rollup%2frollup-linux-riscv64-musl cache-miss
683 http cache https://registry.npmjs.org/@types%2festree 36ms (cache hit)
684 silly packumentCache full:https://registry.npmjs.org/@types%2festree set size:74091 disposed:false
685 silly fetch manifest @rollup/rollup-linux-ppc64-gnu@4.60.2
686 silly packumentCache full:https://registry.npmjs.org/@rollup%2frollup-linux-ppc64-gnu cache-miss
687 http cache https://registry.npmjs.org/@esbuild%2flinux-loong64 38ms (cache hit)
688 silly packumentCache full:https://registry.npmjs.org/@esbuild%2flinux-loong64 set size:252211 disposed:false
689 silly fetch manifest @rollup/rollup-linux-ppc64-musl@4.60.2
690 silly packumentCache full:https://registry.npmjs.org/@rollup%2frollup-linux-ppc64-musl cache-miss
691 http cache https://registry.npmjs.org/source-map-js 38ms (cache hit)
692 silly packumentCache full:https://registry.npmjs.org/source-map-js set size:62640 disposed:false
693 silly fetch manifest @rollup/rollup-linux-s390x-gnu@4.60.2
694 silly packumentCache full:https://registry.npmjs.org/@rollup%2frollup-linux-s390x-gnu cache-miss
695 http cache https://registry.npmjs.org/@esbuild%2fandroid-arm64 40ms (cache hit)
696 silly packumentCache full:https://registry.npmjs.org/@esbuild%2fandroid-arm64 set size:200684 disposed:false
697 silly fetch manifest @rollup/rollup-darwin-x64@4.60.2
698 silly packumentCache full:https://registry.npmjs.org/@rollup%2frollup-darwin-x64 cache-miss
699 http cache https://registry.npmjs.org/@esbuild%2flinux-s390x 41ms (cache hit)
700 silly packumentCache full:https://registry.npmjs.org/@esbuild%2flinux-s390x set size:198784 disposed:false
701 silly fetch manifest @rollup/rollup-win32-x64-gnu@4.60.2
702 silly packumentCache full:https://registry.npmjs.org/@rollup%2frollup-win32-x64-gnu cache-miss
703 http cache https://registry.npmjs.org/@esbuild%2flinux-riscv64 43ms (cache hit)
704 silly packumentCache full:https://registry.npmjs.org/@esbuild%2flinux-riscv64 set size:198981 disposed:false
705 silly fetch manifest @rollup/rollup-win32-x64-msvc@4.60.2
706 silly packumentCache full:https://registry.npmjs.org/@rollup%2frollup-win32-x64-msvc cache-miss
707 http cache https://registry.npmjs.org/@esbuild%2fopenbsd-x64 44ms (cache hit)
708 silly packumentCache full:https://registry.npmjs.org/@esbuild%2fopenbsd-x64 set size:197080 disposed:false
709 silly fetch manifest @rollup/rollup-freebsd-x64@4.60.2
710 silly packumentCache full:https://registry.npmjs.org/@rollup%2frollup-freebsd-x64 cache-miss
711 http cache https://registry.npmjs.org/@esbuild%2fnetbsd-x64 46ms (cache hit)
712 silly packumentCache full:https://registry.npmjs.org/@esbuild%2fnetbsd-x64 set size:193883 disposed:false
713 silly fetch manifest @rollup/rollup-linux-x64-gnu@4.60.2
714 silly packumentCache full:https://registry.npmjs.org/@rollup%2frollup-linux-x64-gnu cache-miss
715 http cache https://registry.npmjs.org/nanoid 47ms (cache hit)
716 silly packumentCache full:https://registry.npmjs.org/nanoid set size:304025 disposed:false
717 silly fetch manifest @rollup/rollup-linux-x64-musl@4.60.2
718 silly packumentCache full:https://registry.npmjs.org/@rollup%2frollup-linux-x64-musl cache-miss
719 http cache https://registry.npmjs.org/@esbuild%2flinux-mips64el 49ms (cache hit)
720 silly packumentCache full:https://registry.npmjs.org/@esbuild%2flinux-mips64el set size:201062 disposed:false
721 silly fetch manifest @rollup/rollup-openbsd-x64@4.60.2
722 silly packumentCache full:https://registry.npmjs.org/@rollup%2frollup-openbsd-x64 cache-miss
723 http cache https://registry.npmjs.org/@esbuild%2flinux-ppc64 50ms (cache hit)
724 silly packumentCache full:https://registry.npmjs.org/@esbuild%2flinux-ppc64 set size:199310 disposed:false
725 silly fetch manifest @rollup/rollup-openharmony-arm64@4.60.2
726 silly packumentCache full:https://registry.npmjs.org/@rollup%2frollup-openharmony-arm64 cache-miss
727 http cache https://registry.npmjs.org/@esbuild%2faix-ppc64 53ms (cache hit)
728 silly packumentCache full:https://registry.npmjs.org/@esbuild%2faix-ppc64 set size:64314 disposed:false
729 http cache https://registry.npmjs.org/@rollup%2frollup-darwin-arm64 51ms (cache hit)
730 silly packumentCache full:https://registry.npmjs.org/@rollup%2frollup-darwin-arm64 set size:334013 disposed:false
731 http cache https://registry.npmjs.org/@esbuild%2ffreebsd-arm64 55ms (cache hit)
732 silly packumentCache full:https://registry.npmjs.org/@esbuild%2ffreebsd-arm64 set size:198853 disposed:false
733 http cache https://registry.npmjs.org/@rollup%2frollup-win32-arm64-msvc 44ms (cache hit)
734 silly packumentCache full:https://registry.npmjs.org/@rollup%2frollup-win32-arm64-msvc set size:338858 disposed:false
735 http cache https://registry.npmjs.org/@rollup%2frollup-linux-arm-musleabihf 37ms (cache hit)
736 silly packumentCache full:https://registry.npmjs.org/@rollup%2frollup-linux-arm-musleabihf set size:238694 disposed:false
737 http cache https://registry.npmjs.org/@rollup%2frollup-android-arm64 48ms (cache hit)
738 silly packumentCache full:https://registry.npmjs.org/@rollup%2frollup-android-arm64 set size:335499 disposed:false
739 http cache https://registry.npmjs.org/@rollup%2frollup-linux-arm64-musl 45ms (cache hit)
740 silly packumentCache full:https://registry.npmjs.org/@rollup%2frollup-linux-arm64-musl set size:296459 disposed:false
741 http cache https://registry.npmjs.org/@rollup%2frollup-linux-loong64-gnu 40ms (cache hit)
742 silly packumentCache full:https://registry.npmjs.org/@rollup%2frollup-linux-loong64-gnu set size:65514 disposed:false
743 http cache https://registry.npmjs.org/@rollup%2frollup-android-arm-eabi 45ms (cache hit)
744 silly packumentCache full:https://registry.npmjs.org/@rollup%2frollup-android-arm-eabi set size:338865 disposed:false
745 http cache https://registry.npmjs.org/@rollup%2frollup-linux-riscv64-musl 38ms (cache hit)
746 silly packumentCache full:https://registry.npmjs.org/@rollup%2frollup-linux-riscv64-musl set size:113171 disposed:false
747 http cache https://registry.npmjs.org/@rollup%2frollup-freebsd-arm64 51ms (cache hit)
748 silly packumentCache full:https://registry.npmjs.org/@rollup%2frollup-freebsd-arm64 set size:183704 disposed:false
749 http cache https://registry.npmjs.org/@rollup%2frollup-linux-riscv64-gnu 42ms (cache hit)
750 silly packumentCache full:https://registry.npmjs.org/@rollup%2frollup-linux-riscv64-gnu set size:267201 disposed:false
751 http cache https://registry.npmjs.org/@rollup%2frollup-linux-loong64-musl 44ms (cache hit)
752 silly packumentCache full:https://registry.npmjs.org/@rollup%2frollup-linux-loong64-musl set size:27506 disposed:false
753 http cache https://registry.npmjs.org/@rollup%2frollup-linux-arm64-gnu 52ms (cache hit)
754 silly packumentCache full:https://registry.npmjs.org/@rollup%2frollup-linux-arm64-gnu set size:341084 disposed:false
755 http cache https://registry.npmjs.org/@rollup%2frollup-linux-ppc64-musl 40ms (cache hit)
756 silly packumentCache full:https://registry.npmjs.org/@rollup%2frollup-linux-ppc64-musl set size:27278 disposed:false
757 http cache https://registry.npmjs.org/@rollup%2frollup-win32-ia32-msvc 48ms (cache hit)
758 silly packumentCache full:https://registry.npmjs.org/@rollup%2frollup-win32-ia32-msvc set size:337389 disposed:false
759 http cache https://registry.npmjs.org/@rollup%2frollup-linux-s390x-gnu 42ms (cache hit)
760 silly packumentCache full:https://registry.npmjs.org/@rollup%2frollup-linux-s390x-gnu set size:240933 disposed:false
761 http cache https://registry.npmjs.org/@rollup%2frollup-linux-arm-gnueabihf 53ms (cache hit)
762 silly packumentCache full:https://registry.npmjs.org/@rollup%2frollup-linux-arm-gnueabihf set size:344529 disposed:false
763 http cache https://registry.npmjs.org/@rollup%2frollup-freebsd-x64 39ms (cache hit)
764 silly packumentCache full:https://registry.npmjs.org/@rollup%2frollup-freebsd-x64 set size:181830 disposed:false
765 http cache https://registry.npmjs.org/@rollup%2frollup-darwin-x64 44ms (cache hit)
766 silly packumentCache full:https://registry.npmjs.org/@rollup%2frollup-darwin-x64 set size:329247 disposed:false
767 http cache https://registry.npmjs.org/@rollup%2frollup-linux-ppc64-gnu 50ms (cache hit)
768 silly packumentCache full:https://registry.npmjs.org/@rollup%2frollup-linux-ppc64-gnu set size:85764 disposed:false
769 http cache https://registry.npmjs.org/@rollup%2frollup-linux-x64-gnu 41ms (cache hit)
770 silly packumentCache full:https://registry.npmjs.org/@rollup%2frollup-linux-x64-gnu set size:336253 disposed:false
771 http cache https://registry.npmjs.org/@rollup%2frollup-win32-x64-msvc 46ms (cache hit)
772 silly packumentCache full:https://registry.npmjs.org/@rollup%2frollup-win32-x64-msvc set size:334053 disposed:false
773 http cache https://registry.npmjs.org/@rollup%2frollup-win32-x64-gnu 48ms (cache hit)
774 silly packumentCache full:https://registry.npmjs.org/@rollup%2frollup-win32-x64-gnu set size:57152 disposed:false
775 http cache https://registry.npmjs.org/@rollup%2frollup-openharmony-arm64 39ms (cache hit)
776 silly packumentCache full:https://registry.npmjs.org/@rollup%2frollup-openharmony-arm64 set size:66417 disposed:false
777 http cache https://registry.npmjs.org/@rollup%2frollup-openbsd-x64 41ms (cache hit)
778 silly packumentCache full:https://registry.npmjs.org/@rollup%2frollup-openbsd-x64 set size:26573 disposed:false
779 http cache https://registry.npmjs.org/@rollup%2frollup-linux-x64-musl 42ms (cache hit)
780 silly packumentCache full:https://registry.npmjs.org/@rollup%2frollup-linux-x64-musl set size:335593 disposed:false
781 silly placeDep ROOT @esbuild/aix-ppc64@0.21.5 OK for: esbuild@0.21.5 want: 0.21.5
782 silly placeDep ROOT @esbuild/android-arm@0.21.5 OK for: esbuild@0.21.5 want: 0.21.5
783 silly placeDep ROOT @esbuild/android-arm64@0.21.5 OK for: esbuild@0.21.5 want: 0.21.5
784 silly placeDep ROOT @esbuild/android-x64@0.21.5 OK for: esbuild@0.21.5 want: 0.21.5
785 silly placeDep ROOT @esbuild/darwin-arm64@0.21.5 OK for: esbuild@0.21.5 want: 0.21.5
786 silly placeDep ROOT @esbuild/darwin-x64@0.21.5 OK for: esbuild@0.21.5 want: 0.21.5
787 silly placeDep ROOT @esbuild/freebsd-arm64@0.21.5 OK for: esbuild@0.21.5 want: 0.21.5
788 silly placeDep ROOT @esbuild/freebsd-x64@0.21.5 OK for: esbuild@0.21.5 want: 0.21.5
789 silly placeDep ROOT @esbuild/linux-arm@0.21.5 OK for: esbuild@0.21.5 want: 0.21.5
790 silly placeDep ROOT @esbuild/linux-arm64@0.21.5 OK for: esbuild@0.21.5 want: 0.21.5
791 silly placeDep ROOT @esbuild/linux-ia32@0.21.5 OK for: esbuild@0.21.5 want: 0.21.5
792 silly placeDep ROOT @esbuild/linux-loong64@0.21.5 OK for: esbuild@0.21.5 want: 0.21.5
793 silly placeDep ROOT @esbuild/linux-mips64el@0.21.5 OK for: esbuild@0.21.5 want: 0.21.5
794 silly placeDep ROOT @esbuild/linux-ppc64@0.21.5 OK for: esbuild@0.21.5 want: 0.21.5
795 silly placeDep ROOT @esbuild/linux-riscv64@0.21.5 OK for: esbuild@0.21.5 want: 0.21.5
796 silly placeDep ROOT @esbuild/linux-s390x@0.21.5 OK for: esbuild@0.21.5 want: 0.21.5
797 silly placeDep ROOT @esbuild/linux-x64@0.21.5 OK for: esbuild@0.21.5 want: 0.21.5
798 silly placeDep ROOT @esbuild/netbsd-x64@0.21.5 OK for: esbuild@0.21.5 want: 0.21.5
799 silly placeDep ROOT @esbuild/openbsd-x64@0.21.5 OK for: esbuild@0.21.5 want: 0.21.5
800 silly placeDep ROOT @esbuild/sunos-x64@0.21.5 OK for: esbuild@0.21.5 want: 0.21.5
801 silly placeDep ROOT @esbuild/win32-arm64@0.21.5 OK for: esbuild@0.21.5 want: 0.21.5
802 silly placeDep ROOT @esbuild/win32-ia32@0.21.5 OK for: esbuild@0.21.5 want: 0.21.5
803 silly placeDep ROOT @esbuild/win32-x64@0.21.5 OK for: esbuild@0.21.5 want: 0.21.5
804 silly placeDep ROOT nanoid@3.3.11 OK for: postcss@8.5.10 want: ^3.3.11
805 silly placeDep ROOT source-map-js@1.2.1 OK for: postcss@8.5.10 want: ^1.2.1
806 silly placeDep ROOT @rollup/rollup-android-arm-eabi@4.60.2 OK for: rollup@4.60.2 want: 4.60.2
807 silly placeDep ROOT @rollup/rollup-android-arm64@4.60.2 OK for: rollup@4.60.2 want: 4.60.2
808 silly placeDep ROOT @rollup/rollup-darwin-arm64@4.60.2 OK for: rollup@4.60.2 want: 4.60.2
809 silly placeDep ROOT @rollup/rollup-darwin-x64@4.60.2 OK for: rollup@4.60.2 want: 4.60.2
810 silly placeDep ROOT @rollup/rollup-freebsd-arm64@4.60.2 OK for: rollup@4.60.2 want: 4.60.2
811 silly placeDep ROOT @rollup/rollup-freebsd-x64@4.60.2 OK for: rollup@4.60.2 want: 4.60.2
812 silly placeDep ROOT @rollup/rollup-linux-arm-gnueabihf@4.60.2 OK for: rollup@4.60.2 want: 4.60.2
813 silly placeDep ROOT @rollup/rollup-linux-arm-musleabihf@4.60.2 OK for: rollup@4.60.2 want: 4.60.2
814 silly placeDep ROOT @rollup/rollup-linux-arm64-gnu@4.60.2 OK for: rollup@4.60.2 want: 4.60.2
815 silly placeDep ROOT @rollup/rollup-linux-arm64-musl@4.60.2 OK for: rollup@4.60.2 want: 4.60.2
816 silly placeDep ROOT @rollup/rollup-linux-loong64-gnu@4.60.2 OK for: rollup@4.60.2 want: 4.60.2
817 silly placeDep ROOT @rollup/rollup-linux-loong64-musl@4.60.2 OK for: rollup@4.60.2 want: 4.60.2
818 silly placeDep ROOT @rollup/rollup-linux-ppc64-gnu@4.60.2 OK for: rollup@4.60.2 want: 4.60.2
819 silly placeDep ROOT @rollup/rollup-linux-ppc64-musl@4.60.2 OK for: rollup@4.60.2 want: 4.60.2
820 silly placeDep ROOT @rollup/rollup-linux-riscv64-gnu@4.60.2 OK for: rollup@4.60.2 want: 4.60.2
821 silly placeDep ROOT @rollup/rollup-linux-riscv64-musl@4.60.2 OK for: rollup@4.60.2 want: 4.60.2
822 silly placeDep ROOT @rollup/rollup-linux-s390x-gnu@4.60.2 OK for: rollup@4.60.2 want: 4.60.2
823 silly placeDep ROOT @rollup/rollup-linux-x64-gnu@4.60.2 OK for: rollup@4.60.2 want: 4.60.2
824 silly placeDep ROOT @rollup/rollup-linux-x64-musl@4.60.2 OK for: rollup@4.60.2 want: 4.60.2
825 silly placeDep ROOT @rollup/rollup-openbsd-x64@4.60.2 OK for: rollup@4.60.2 want: 4.60.2
826 silly placeDep ROOT @rollup/rollup-openharmony-arm64@4.60.2 OK for: rollup@4.60.2 want: 4.60.2
827 silly placeDep ROOT @rollup/rollup-win32-arm64-msvc@4.60.2 OK for: rollup@4.60.2 want: 4.60.2
828 silly placeDep ROOT @rollup/rollup-win32-ia32-msvc@4.60.2 OK for: rollup@4.60.2 want: 4.60.2
829 silly placeDep ROOT @rollup/rollup-win32-x64-gnu@4.60.2 OK for: rollup@4.60.2 want: 4.60.2
830 silly placeDep ROOT @rollup/rollup-win32-x64-msvc@4.60.2 OK for: rollup@4.60.2 want: 4.60.2
831 silly placeDep ROOT @types/estree@1.0.8 OK for: rollup@4.60.2 want: 1.0.8
832 silly reify moves {}
833 silly audit bulk request {
833 silly audit   '@vitejs/plugin-react': [ '4.7.0' ],
833 silly audit   vite: [ '5.4.21' ],
833 silly audit   axios: [ '1.15.1' ],
833 silly audit   react: [ '18.3.1' ],
833 silly audit   'react-dom': [ '18.3.1' ],
833 silly audit   'react-router-dom': [ '6.30.3' ],
833 silly audit   'socket.io-client': [ '4.8.3' ],
833 silly audit   '@babel/core': [ '7.29.0' ],
833 silly audit   '@babel/plugin-transform-react-jsx-self': [ '7.27.1' ],
833 silly audit   '@babel/plugin-transform-react-jsx-source': [ '7.27.1' ],
833 silly audit   '@rolldown/pluginutils': [ '1.0.0-beta.27' ],
833 silly audit   '@types/babel__core': [ '7.20.5' ],
833 silly audit   'react-refresh': [ '0.17.0' ],
833 silly audit   '@babel/code-frame': [ '7.29.0' ],
833 silly audit   '@babel/generator': [ '7.29.1' ],
833 silly audit   '@babel/helper-compilation-targets': [ '7.28.6' ],
833 silly audit   '@babel/helper-module-transforms': [ '7.28.6' ],
833 silly audit   '@babel/helpers': [ '7.29.2' ],
833 silly audit   '@babel/parser': [ '7.29.2' ],
833 silly audit   '@babel/template': [ '7.28.6' ],
833 silly audit   '@babel/traverse': [ '7.29.0' ],
833 silly audit   '@babel/types': [ '7.29.0' ],
833 silly audit   '@jridgewell/remapping': [ '2.3.5' ],
833 silly audit   'convert-source-map': [ '2.0.0' ],
833 silly audit   debug: [ '4.4.3' ],
833 silly audit   gensync: [ '1.0.0-beta.2' ],
833 silly audit   json5: [ '2.2.3' ],
833 silly audit   semver: [ '6.3.1' ],
833 silly audit   '@babel/helper-validator-identifier': [ '7.28.5' ],
833 silly audit   'js-tokens': [ '4.0.0' ],
833 silly audit   picocolors: [ '1.1.1' ],
833 silly audit   '@jridgewell/gen-mapping': [ '0.3.13' ],
833 silly audit   '@jridgewell/trace-mapping': [ '0.3.31' ],
833 silly audit   jsesc: [ '3.1.0' ],
833 silly audit   '@babel/compat-data': [ '7.29.0' ],
833 silly audit   '@babel/helper-validator-option': [ '7.27.1' ],
833 silly audit   browserslist: [ '4.28.2' ],
833 silly audit   'lru-cache': [ '5.1.1' ],
833 silly audit   '@babel/helper-module-imports': [ '7.28.6' ],
833 silly audit   '@babel/helper-plugin-utils': [ '7.28.6' ],
833 silly audit   '@babel/helper-globals': [ '7.28.0' ],
833 silly audit   '@babel/helper-string-parser': [ '7.27.1' ],
833 silly audit   '@jridgewell/sourcemap-codec': [ '1.5.5' ],
833 silly audit   '@jridgewell/resolve-uri': [ '3.1.2' ],
833 silly audit   '@types/babel__generator': [ '7.27.0' ],
833 silly audit   '@types/babel__template': [ '7.4.4' ],
833 silly audit   '@types/babel__traverse': [ '7.28.0' ],
833 silly audit   'follow-redirects': [ '1.16.0' ],
833 silly audit   'form-data': [ '4.0.5' ],
833 silly audit   'proxy-from-env': [ '2.1.0' ],
833 silly audit   'baseline-browser-mapping': [ '2.10.20' ],
833 silly audit   'caniuse-lite': [ '1.0.30001788' ],
833 silly audit   'electron-to-chromium': [ '1.5.340' ],
833 silly audit   'node-releases': [ '2.0.37' ],
833 silly audit   'update-browserslist-db': [ '1.2.3' ],
833 silly audit   ms: [ '2.1.3' ],
833 silly audit   asynckit: [ '0.4.0' ],
833 silly audit   'combined-stream': [ '1.0.8' ],
833 silly audit   'es-set-tostringtag': [ '2.1.0' ],
833 silly audit   hasown: [ '2.0.3' ],
833 silly audit   'mime-types': [ '2.1.35' ],
833 silly audit   'delayed-stream': [ '1.0.0' ],
833 silly audit   'es-errors': [ '1.3.0' ],
833 silly audit   'get-intrinsic': [ '1.3.0' ],
833 silly audit   'has-tostringtag': [ '1.0.2' ],
833 silly audit   'call-bind-apply-helpers': [ '1.0.2' ],
833 silly audit   'es-define-property': [ '1.0.1' ],
833 silly audit   'es-object-atoms': [ '1.1.1' ],
833 silly audit   'function-bind': [ '1.1.2' ],
833 silly audit   'get-proto': [ '1.0.1' ],
833 silly audit   gopd: [ '1.2.0' ],
833 silly audit   'has-symbols': [ '1.1.0' ],
833 silly audit   'math-intrinsics': [ '1.1.0' ],
833 silly audit   'dunder-proto': [ '1.0.1' ],
833 silly audit   yallist: [ '3.1.1' ],
833 silly audit   'mime-db': [ '1.52.0' ],
833 silly audit   'loose-envify': [ '1.4.0' ],
833 silly audit   scheduler: [ '0.23.2' ],
833 silly audit   '@remix-run/router': [ '1.23.2' ],
833 silly audit   'react-router': [ '6.30.3' ],
833 silly audit   '@socket.io/component-emitter': [ '3.1.2' ],
833 silly audit   'engine.io-client': [ '6.6.4' ],
833 silly audit   'socket.io-parser': [ '4.2.6' ],
833 silly audit   'engine.io-parser': [ '5.2.3' ],
833 silly audit   ws: [ '8.18.3' ],
833 silly audit   'xmlhttprequest-ssl': [ '2.1.2' ],
833 silly audit   escalade: [ '3.2.0' ],
833 silly audit   esbuild: [ '0.21.5' ],
833 silly audit   fsevents: [ '2.3.3' ],
833 silly audit   postcss: [ '8.5.10' ],
833 silly audit   rollup: [ '4.60.2' ],
833 silly audit   '@esbuild/aix-ppc64': [ '0.21.5' ],
833 silly audit   '@esbuild/android-arm': [ '0.21.5' ],
833 silly audit   '@esbuild/android-arm64': [ '0.21.5' ],
833 silly audit   '@esbuild/android-x64': [ '0.21.5' ],
833 silly audit   '@esbuild/darwin-arm64': [ '0.21.5' ],
833 silly audit   '@esbuild/darwin-x64': [ '0.21.5' ],
833 silly audit   '@esbuild/freebsd-arm64': [ '0.21.5' ],
833 silly audit   '@esbuild/freebsd-x64': [ '0.21.5' ],
833 silly audit   '@esbuild/linux-arm': [ '0.21.5' ],
833 silly audit   '@esbuild/linux-arm64': [ '0.21.5' ],
833 silly audit   '@esbuild/linux-ia32': [ '0.21.5' ],
833 silly audit   '@esbuild/linux-loong64': [ '0.21.5' ],
833 silly audit   '@esbuild/linux-mips64el': [ '0.21.5' ],
833 silly audit   '@esbuild/linux-ppc64': [ '0.21.5' ],
833 silly audit   '@esbuild/linux-riscv64': [ '0.21.5' ],
833 silly audit   '@esbuild/linux-s390x': [ '0.21.5' ],
833 silly audit   '@esbuild/linux-x64': [ '0.21.5' ],
833 silly audit   '@esbuild/netbsd-x64': [ '0.21.5' ],
833 silly audit   '@esbuild/openbsd-x64': [ '0.21.5' ],
833 silly audit   '@esbuild/sunos-x64': [ '0.21.5' ],
833 silly audit   '@esbuild/win32-arm64': [ '0.21.5' ],
833 silly audit   '@esbuild/win32-ia32': [ '0.21.5' ],
833 silly audit   '@esbuild/win32-x64': [ '0.21.5' ],
833 silly audit   nanoid: [ '3.3.11' ],
833 silly audit   'source-map-js': [ '1.2.1' ],
833 silly audit   '@rollup/rollup-android-arm-eabi': [ '4.60.2' ],
833 silly audit   '@rollup/rollup-android-arm64': [ '4.60.2' ],
833 silly audit   '@rollup/rollup-darwin-arm64': [ '4.60.2' ],
833 silly audit   '@rollup/rollup-darwin-x64': [ '4.60.2' ],
833 silly audit   '@rollup/rollup-freebsd-arm64': [ '4.60.2' ],
833 silly audit   '@rollup/rollup-freebsd-x64': [ '4.60.2' ],
833 silly audit   '@rollup/rollup-linux-arm-gnueabihf': [ '4.60.2' ],
833 silly audit   '@rollup/rollup-linux-arm-musleabihf': [ '4.60.2' ],
833 silly audit   '@rollup/rollup-linux-arm64-gnu': [ '4.60.2' ],
833 silly audit   '@rollup/rollup-linux-arm64-musl': [ '4.60.2' ],
833 silly audit   '@rollup/rollup-linux-loong64-gnu': [ '4.60.2' ],
833 silly audit   '@rollup/rollup-linux-loong64-musl': [ '4.60.2' ],
833 silly audit   '@rollup/rollup-linux-ppc64-gnu': [ '4.60.2' ],
833 silly audit   '@rollup/rollup-linux-ppc64-musl': [ '4.60.2' ],
833 silly audit   '@rollup/rollup-linux-riscv64-gnu': [ '4.60.2' ],
833 silly audit   '@rollup/rollup-linux-riscv64-musl': [ '4.60.2' ],
833 silly audit   '@rollup/rollup-linux-s390x-gnu': [ '4.60.2' ],
833 silly audit   '@rollup/rollup-linux-x64-gnu': [ '4.60.2' ],
833 silly audit   '@rollup/rollup-linux-x64-musl': [ '4.60.2' ],
833 silly audit   '@rollup/rollup-openbsd-x64': [ '4.60.2' ],
833 silly audit   '@rollup/rollup-openharmony-arm64': [ '4.60.2' ],
833 silly audit   '@rollup/rollup-win32-arm64-msvc': [ '4.60.2' ],
833 silly audit   '@rollup/rollup-win32-ia32-msvc': [ '4.60.2' ],
833 silly audit   '@rollup/rollup-win32-x64-gnu': [ '4.60.2' ],
833 silly audit   '@rollup/rollup-win32-x64-msvc': [ '4.60.2' ],
833 silly audit   '@types/estree': [ '1.0.8' ]
833 silly audit }
834 http cache @types/estree@https://registry.npmjs.org/@types/estree/-/estree-1.0.8.tgz 0ms (cache hit)
835 http cache @rollup/rollup-win32-x64-gnu@https://registry.npmjs.org/@rollup/rollup-win32-x64-gnu/-/rollup-win32-x64-gnu-4.60.2.tgz 0ms (cache hit)
836 http cache @rollup/rollup-win32-x64-msvc@https://registry.npmjs.org/@rollup/rollup-win32-x64-msvc/-/rollup-win32-x64-msvc-4.60.2.tgz 0ms (cache hit)
837 http cache source-map-js@https://registry.npmjs.org/source-map-js/-/source-map-js-1.2.1.tgz 0ms (cache hit)
838 http cache nanoid@https://registry.npmjs.org/nanoid/-/nanoid-3.3.11.tgz 0ms (cache hit)
839 http cache @esbuild/win32-x64@https://registry.npmjs.org/@esbuild/win32-x64/-/win32-x64-0.21.5.tgz 0ms (cache hit)
840 http cache rollup@https://registry.npmjs.org/rollup/-/rollup-4.60.2.tgz 0ms (cache hit)
841 http cache esbuild@https://registry.npmjs.org/esbuild/-/esbuild-0.21.5.tgz 0ms (cache hit)
842 http cache escalade@https://registry.npmjs.org/escalade/-/escalade-3.2.0.tgz 0ms (cache hit)
843 http cache postcss@https://registry.npmjs.org/postcss/-/postcss-8.5.10.tgz 0ms (cache hit)
844 http cache xmlhttprequest-ssl@https://registry.npmjs.org/xmlhttprequest-ssl/-/xmlhttprequest-ssl-2.1.2.tgz 0ms (cache hit)
845 http cache ws@https://registry.npmjs.org/ws/-/ws-8.18.3.tgz 0ms (cache hit)
846 http cache socket.io-parser@https://registry.npmjs.org/socket.io-parser/-/socket.io-parser-4.2.6.tgz 0ms (cache hit)
847 http cache engine.io-client@https://registry.npmjs.org/engine.io-client/-/engine.io-client-6.6.4.tgz 0ms (cache hit)
848 http cache @socket.io/component-emitter@https://registry.npmjs.org/@socket.io/component-emitter/-/component-emitter-3.1.2.tgz 0ms (cache hit)
849 http cache react-router@https://registry.npmjs.org/react-router/-/react-router-6.30.3.tgz 0ms (cache hit)
850 http cache engine.io-parser@https://registry.npmjs.org/engine.io-parser/-/engine.io-parser-5.2.3.tgz 0ms (cache hit)
851 http cache loose-envify@https://registry.npmjs.org/loose-envify/-/loose-envify-1.4.0.tgz 0ms (cache hit)
852 http cache yallist@https://registry.npmjs.org/yallist/-/yallist-3.1.1.tgz 0ms (cache hit)
853 http cache scheduler@https://registry.npmjs.org/scheduler/-/scheduler-0.23.2.tgz 0ms (cache hit)
854 http cache mime-db@https://registry.npmjs.org/mime-db/-/mime-db-1.52.0.tgz 0ms (cache hit)
855 http cache @remix-run/router@https://registry.npmjs.org/@remix-run/router/-/router-1.23.2.tgz 0ms (cache hit)
856 http cache dunder-proto@https://registry.npmjs.org/dunder-proto/-/dunder-proto-1.0.1.tgz 0ms (cache hit)
857 http cache has-symbols@https://registry.npmjs.org/has-symbols/-/has-symbols-1.1.0.tgz 0ms (cache hit)
858 http cache math-intrinsics@https://registry.npmjs.org/math-intrinsics/-/math-intrinsics-1.1.0.tgz 0ms (cache hit)
859 http cache get-proto@https://registry.npmjs.org/get-proto/-/get-proto-1.0.1.tgz 0ms (cache hit)
860 http cache gopd@https://registry.npmjs.org/gopd/-/gopd-1.2.0.tgz 0ms (cache hit)
861 http cache function-bind@https://registry.npmjs.org/function-bind/-/function-bind-1.1.2.tgz 0ms (cache hit)
862 http cache es-object-atoms@https://registry.npmjs.org/es-object-atoms/-/es-object-atoms-1.1.1.tgz 0ms (cache hit)
863 http cache es-define-property@https://registry.npmjs.org/es-define-property/-/es-define-property-1.0.1.tgz 0ms (cache hit)
864 http cache call-bind-apply-helpers@https://registry.npmjs.org/call-bind-apply-helpers/-/call-bind-apply-helpers-1.0.2.tgz 0ms (cache hit)
865 http cache has-tostringtag@https://registry.npmjs.org/has-tostringtag/-/has-tostringtag-1.0.2.tgz 0ms (cache hit)
866 http cache get-intrinsic@https://registry.npmjs.org/get-intrinsic/-/get-intrinsic-1.3.0.tgz 0ms (cache hit)
867 http cache es-errors@https://registry.npmjs.org/es-errors/-/es-errors-1.3.0.tgz 0ms (cache hit)
868 http cache delayed-stream@https://registry.npmjs.org/delayed-stream/-/delayed-stream-1.0.0.tgz 0ms (cache hit)
869 http cache mime-types@https://registry.npmjs.org/mime-types/-/mime-types-2.1.35.tgz 0ms (cache hit)
870 http cache combined-stream@https://registry.npmjs.org/combined-stream/-/combined-stream-1.0.8.tgz 0ms (cache hit)
871 http cache hasown@https://registry.npmjs.org/hasown/-/hasown-2.0.3.tgz 0ms (cache hit)
872 http cache es-set-tostringtag@https://registry.npmjs.org/es-set-tostringtag/-/es-set-tostringtag-2.1.0.tgz 0ms (cache hit)
873 http cache asynckit@https://registry.npmjs.org/asynckit/-/asynckit-0.4.0.tgz 0ms (cache hit)
874 http cache ms@https://registry.npmjs.org/ms/-/ms-2.1.3.tgz 0ms (cache hit)
875 http cache update-browserslist-db@https://registry.npmjs.org/update-browserslist-db/-/update-browserslist-db-1.2.3.tgz 0ms (cache hit)
876 http cache node-releases@https://registry.npmjs.org/node-releases/-/node-releases-2.0.37.tgz 0ms (cache hit)
877 http cache electron-to-chromium@https://registry.npmjs.org/electron-to-chromium/-/electron-to-chromium-1.5.340.tgz 0ms (cache hit)
878 http cache caniuse-lite@https://registry.npmjs.org/caniuse-lite/-/caniuse-lite-1.0.30001788.tgz 0ms (cache hit)
879 http cache baseline-browser-mapping@https://registry.npmjs.org/baseline-browser-mapping/-/baseline-browser-mapping-2.10.20.tgz 0ms (cache hit)
880 http cache @types/babel__traverse@https://registry.npmjs.org/@types/babel__traverse/-/babel__traverse-7.28.0.tgz 0ms (cache hit)
881 http cache proxy-from-env@https://registry.npmjs.org/proxy-from-env/-/proxy-from-env-2.1.0.tgz 0ms (cache hit)
882 http cache @types/babel__template@https://registry.npmjs.org/@types/babel__template/-/babel__template-7.4.4.tgz 0ms (cache hit)
883 http cache @types/babel__generator@https://registry.npmjs.org/@types/babel__generator/-/babel__generator-7.27.0.tgz 0ms (cache hit)
884 http cache follow-redirects@https://registry.npmjs.org/follow-redirects/-/follow-redirects-1.16.0.tgz 0ms (cache hit)
885 http cache @jridgewell/resolve-uri@https://registry.npmjs.org/@jridgewell/resolve-uri/-/resolve-uri-3.1.2.tgz 0ms (cache hit)
886 http cache @jridgewell/sourcemap-codec@https://registry.npmjs.org/@jridgewell/sourcemap-codec/-/sourcemap-codec-1.5.5.tgz 0ms (cache hit)
887 http cache form-data@https://registry.npmjs.org/form-data/-/form-data-4.0.5.tgz 0ms (cache hit)
888 http cache @babel/helper-string-parser@https://registry.npmjs.org/@babel/helper-string-parser/-/helper-string-parser-7.27.1.tgz 0ms (cache hit)
889 http cache browserslist@https://registry.npmjs.org/browserslist/-/browserslist-4.28.2.tgz 0ms (cache hit)
890 http cache @babel/helper-globals@https://registry.npmjs.org/@babel/helper-globals/-/helper-globals-7.28.0.tgz 0ms (cache hit)
891 http cache lru-cache@https://registry.npmjs.org/lru-cache/-/lru-cache-5.1.1.tgz 0ms (cache hit)
892 http cache @babel/helper-plugin-utils@https://registry.npmjs.org/@babel/helper-plugin-utils/-/helper-plugin-utils-7.28.6.tgz 0ms (cache hit)
893 http cache jsesc@https://registry.npmjs.org/jsesc/-/jsesc-3.1.0.tgz 0ms (cache hit)
894 http cache @babel/helper-module-imports@https://registry.npmjs.org/@babel/helper-module-imports/-/helper-module-imports-7.28.6.tgz 0ms (cache hit)
895 http cache @jridgewell/gen-mapping@https://registry.npmjs.org/@jridgewell/gen-mapping/-/gen-mapping-0.3.13.tgz 0ms (cache hit)
896 http cache picocolors@https://registry.npmjs.org/picocolors/-/picocolors-1.1.1.tgz 0ms (cache hit)
897 http cache @babel/helper-validator-option@https://registry.npmjs.org/@babel/helper-validator-option/-/helper-validator-option-7.27.1.tgz 0ms (cache hit)
898 http cache @jridgewell/trace-mapping@https://registry.npmjs.org/@jridgewell/trace-mapping/-/trace-mapping-0.3.31.tgz 0ms (cache hit)
899 http cache @babel/compat-data@https://registry.npmjs.org/@babel/compat-data/-/compat-data-7.29.0.tgz 0ms (cache hit)
900 http cache js-tokens@https://registry.npmjs.org/js-tokens/-/js-tokens-4.0.0.tgz 0ms (cache hit)
901 http cache semver@https://registry.npmjs.org/semver/-/semver-6.3.1.tgz 0ms (cache hit)
902 http cache json5@https://registry.npmjs.org/json5/-/json5-2.2.3.tgz 0ms (cache hit)
903 http cache @babel/helper-validator-identifier@https://registry.npmjs.org/@babel/helper-validator-identifier/-/helper-validator-identifier-7.28.5.tgz 0ms (cache hit)
904 http cache @jridgewell/remapping@https://registry.npmjs.org/@jridgewell/remapping/-/remapping-2.3.5.tgz 0ms (cache hit)
905 http cache gensync@https://registry.npmjs.org/gensync/-/gensync-1.0.0-beta.2.tgz 0ms (cache hit)
906 http cache @babel/types@https://registry.npmjs.org/@babel/types/-/types-7.29.0.tgz 0ms (cache hit)
907 http cache @babel/traverse@https://registry.npmjs.org/@babel/traverse/-/traverse-7.29.0.tgz 0ms (cache hit)
908 http cache convert-source-map@https://registry.npmjs.org/convert-source-map/-/convert-source-map-2.0.0.tgz 0ms (cache hit)
909 http cache @babel/template@https://registry.npmjs.org/@babel/template/-/template-7.28.6.tgz 0ms (cache hit)
910 http cache debug@https://registry.npmjs.org/debug/-/debug-4.4.3.tgz 0ms (cache hit)
911 http cache @babel/helpers@https://registry.npmjs.org/@babel/helpers/-/helpers-7.29.2.tgz 0ms (cache hit)
912 http cache @babel/parser@https://registry.npmjs.org/@babel/parser/-/parser-7.29.2.tgz 0ms (cache hit)
913 http cache react-refresh@https://registry.npmjs.org/react-refresh/-/react-refresh-0.17.0.tgz 0ms (cache hit)
914 http cache @babel/helper-compilation-targets@https://registry.npmjs.org/@babel/helper-compilation-targets/-/helper-compilation-targets-7.28.6.tgz 0ms (cache hit)
915 http cache @babel/helper-module-transforms@https://registry.npmjs.org/@babel/helper-module-transforms/-/helper-module-transforms-7.28.6.tgz 0ms (cache hit)
916 http cache @babel/generator@https://registry.npmjs.org/@babel/generator/-/generator-7.29.1.tgz 0ms (cache hit)
917 http cache @types/babel__core@https://registry.npmjs.org/@types/babel__core/-/babel__core-7.20.5.tgz 0ms (cache hit)
918 http cache @babel/code-frame@https://registry.npmjs.org/@babel/code-frame/-/code-frame-7.29.0.tgz 0ms (cache hit)
919 http cache @rolldown/pluginutils@https://registry.npmjs.org/@rolldown/pluginutils/-/pluginutils-1.0.0-beta.27.tgz 0ms (cache hit)
920 http cache @babel/plugin-transform-react-jsx-source@https://registry.npmjs.org/@babel/plugin-transform-react-jsx-source/-/plugin-transform-react-jsx-source-7.27.1.tgz 0ms (cache hit)
921 http cache socket.io-client@https://registry.npmjs.org/socket.io-client/-/socket.io-client-4.8.3.tgz 0ms (cache hit)
922 http cache @babel/plugin-transform-react-jsx-self@https://registry.npmjs.org/@babel/plugin-transform-react-jsx-self/-/plugin-transform-react-jsx-self-7.27.1.tgz 0ms (cache hit)
923 http cache react-router-dom@https://registry.npmjs.org/react-router-dom/-/react-router-dom-6.30.3.tgz 0ms (cache hit)
924 http cache @babel/core@https://registry.npmjs.org/@babel/core/-/core-7.29.0.tgz 0ms (cache hit)
925 http cache react-dom@https://registry.npmjs.org/react-dom/-/react-dom-18.3.1.tgz 0ms (cache hit)
926 http cache @vitejs/plugin-react@https://registry.npmjs.org/@vitejs/plugin-react/-/plugin-react-4.7.0.tgz 0ms (cache hit)
927 http cache react@https://registry.npmjs.org/react/-/react-18.3.1.tgz 0ms (cache hit)
928 http cache axios@https://registry.npmjs.org/axios/-/axios-1.15.1.tgz 0ms (cache hit)
929 http cache vite@https://registry.npmjs.org/vite/-/vite-5.4.21.tgz 0ms (cache hit)
930 http fetch POST 200 https://registry.npmjs.org/-/npm/v1/security/advisories/bulk 734ms
931 silly audit report {
931 silly audit report   vite: [
931 silly audit report     {
931 silly audit report       id: 1116229,
931 silly audit report       url: 'https://github.com/advisories/GHSA-4w7w-66w2-5vf9',
931 silly audit report       title: 'Vite Vulnerable to Path Traversal in Optimized Deps `.map` Handling',
931 silly audit report       severity: 'moderate',
931 silly audit report       vulnerable_versions: '<=6.4.1',
931 silly audit report       cwe: [Array],
931 silly audit report       cvss: [Object]
931 silly audit report     }
931 silly audit report   ],
931 silly audit report   esbuild: [
931 silly audit report     {
931 silly audit report       id: 1102341,
931 silly audit report       url: 'https://github.com/advisories/GHSA-67mh-4wv8-2f99',
931 silly audit report       title: 'esbuild enables any website to send any requests to the development server and read the response',
931 silly audit report       severity: 'moderate',
931 silly audit report       vulnerable_versions: '<=0.24.2',
931 silly audit report       cwe: [Array],
931 silly audit report       cvss: [Object]
931 silly audit report     }
931 silly audit report   ]
931 silly audit report }
932 silly packumentCache corgi:https://registry.npmjs.org/vite cache-miss
933 silly packumentCache corgi:https://registry.npmjs.org/esbuild cache-miss
934 http cache https://registry.npmjs.org/esbuild 6ms (cache hit)
935 silly packumentCache corgi:https://registry.npmjs.org/esbuild set size:885757 disposed:false
936 http cache https://registry.npmjs.org/vite 14ms (cache hit)
937 silly packumentCache corgi:https://registry.npmjs.org/vite set size:2231982 disposed:false
938 silly packumentCache corgi:https://registry.npmjs.org/@vitejs%2fplugin-react cache-miss
939 http cache https://registry.npmjs.org/@vitejs%2fplugin-react 5ms (cache hit)
940 silly packumentCache corgi:https://registry.npmjs.org/@vitejs%2fplugin-react set size:112470 disposed:false
941 info run esbuild@0.21.5 postinstall node_modules/esbuild node install.js
942 info run esbuild@0.21.5 postinstall { code: 'EPERM', signal: undefined }
943 verbose stack Error: spawn EPERM
943 verbose stack     at ChildProcess.spawn (node:internal/child_process:421:11)
943 verbose stack     at spawn (node:child_process:796:9)
943 verbose stack     at promiseSpawn (C:\Program Files\nodejs\node_modules\npm\node_modules\@npmcli\promise-spawn\lib\index.js:39:16)
943 verbose stack     at spawnWithShell (C:\Program Files\nodejs\node_modules\npm\node_modules\@npmcli\promise-spawn\lib\index.js:124:10)
943 verbose stack     at promiseSpawn (C:\Program Files\nodejs\node_modules\npm\node_modules\@npmcli\promise-spawn\lib\index.js:12:12)
943 verbose stack     at runScriptPkg (C:\Program Files\nodejs\node_modules\npm\node_modules\@npmcli\run-script\lib\run-script-pkg.js:79:13)
943 verbose stack     at runScript (C:\Program Files\nodejs\node_modules\npm\node_modules\@npmcli\run-script\lib\run-script.js:9:12)
943 verbose stack     at C:\Program Files\nodejs\node_modules\npm\node_modules\@npmcli\arborist\lib\arborist\rebuild.js:327:17
943 verbose stack     at run (C:\Program Files\nodejs\node_modules\npm\node_modules\promise-call-limit\dist\commonjs\index.js:67:22)
943 verbose stack     at C:\Program Files\nodejs\node_modules\npm\node_modules\promise-call-limit\dist\commonjs\index.js:84:9
944 error code EPERM
945 error syscall spawn
946 error errno -4048
947 error Error: spawn EPERM
947 error     at ChildProcess.spawn (node:internal/child_process:421:11)
947 error     at spawn (node:child_process:796:9)
947 error     at promiseSpawn (C:\Program Files\nodejs\node_modules\npm\node_modules\@npmcli\promise-spawn\lib\index.js:39:16)
947 error     at spawnWithShell (C:\Program Files\nodejs\node_modules\npm\node_modules\@npmcli\promise-spawn\lib\index.js:124:10)
947 error     at promiseSpawn (C:\Program Files\nodejs\node_modules\npm\node_modules\@npmcli\promise-spawn\lib\index.js:12:12)
947 error     at runScriptPkg (C:\Program Files\nodejs\node_modules\npm\node_modules\@npmcli\run-script\lib\run-script-pkg.js:79:13)
947 error     at runScript (C:\Program Files\nodejs\node_modules\npm\node_modules\@npmcli\run-script\lib\run-script.js:9:12)
947 error     at C:\Program Files\nodejs\node_modules\npm\node_modules\@npmcli\arborist\lib\arborist\rebuild.js:327:17
947 error     at run (C:\Program Files\nodejs\node_modules\npm\node_modules\promise-call-limit\dist\commonjs\index.js:67:22)
947 error     at C:\Program Files\nodejs\node_modules\npm\node_modules\promise-call-limit\dist\commonjs\index.js:84:9 {
947 error   errno: -4048,
947 error   code: 'EPERM',
947 error   syscall: 'spawn'
947 error }
948 error
948 error The operation was rejected by your operating system.
948 error It's possible that the file was already in use (by a text editor or antivirus),
948 error or that you lack permissions to access it.
948 error
948 error If you believe this might be a permissions issue, please double-check the
948 error permissions of the file and its containing directories, or try running
948 error the command again as root/Administrator.
949 silly unfinished npm timer reify 1776763500386
950 silly unfinished npm timer reify:build 1776763502417
951 silly unfinished npm timer build 1776763502417
952 silly unfinished npm timer build:deps 1776763502417
953 silly unfinished npm timer build:run:postinstall 1776763502429
954 silly unfinished npm timer build:run:postinstall:node_modules/esbuild 1776763502429
955 verbose cwd D:\Daily Project 6
956 verbose os Windows_NT 10.0.26100
957 verbose node v24.14.1
958 verbose npm  v11.11.0
959 verbose exit -4048
960 verbose code -4048
961 error A complete log of this run can be found in: d:\Daily Project 6\.npm-cache\_logs\2026-04-21T09_25_00_187Z-debug-0.log
